#
# There is insufficient memory for the Java Runtime Environment to continue.
# Native memory allocation (mmap) failed to map 285212672 bytes for G1 virtual space
# Possible reasons:
#   The system is out of physical RAM or swap space
#   The process is running with CompressedOops enabled, and the Java Heap may be blocking the growth of the native heap
# Possible solutions:
#   Reduce memory load on the system
#   Increase physical memory or swap space
#   Check if swap backing store is full
#   Decrease Java heap size (-Xmx/-Xms)
#   Decrease number of Java threads
#   Decrease Java thread stack sizes (-Xss)
#   Set larger code cache with -XX:ReservedCodeCacheSize=
#   JVM is running with Zero Based Compressed Oops mode in which the Java heap is
#     placed in the first 32GB address space. The Java Heap base address is the
#     maximum limit for the native heap growth. Please use -XX:HeapBaseMinAddress
#     to set the Java Heap base and to place the Java Heap above 32GB virtual address.
# This output file may be truncated or incomplete.
#
#  Out of Memory Error (os_windows.cpp:3600), pid=14148, tid=28340
#
# JRE version: OpenJDK Runtime Environment (21.0+35) (build 21+35-2513)
# Java VM: OpenJDK 64-Bit Server VM (21+35-2513, mixed mode, sharing, tiered, compressed oops, compressed class ptrs, g1 gc, windows-amd64)
# No core dump will be written. Minidumps are not enabled by default on client versions of Windows
#

---------------  S U M M A R Y ------------

Command Line: -DkotlinLanguageServer.version=1.3.13 org.javacs.kt.MainKt

Host: Intel(R) Core(TM) i5-1035G1 CPU @ 1.00GHz, 8 cores, 31G,  Windows 11 , 64 bit Build 22621 (10.0.22621.5415)
Time: Tue May 26 18:43:11 2026 W. Central Africa Standard Time elapsed time: 71.893512 seconds (0d 0h 1m 11s)

---------------  T H R E A D  ---------------

Current thread (0x0000017eff5f0580):  VMThread "VM Thread"          [id=28340, stack(0x00000078adb00000,0x00000078adc00000) (1024K)]

Stack: [0x00000078adb00000,0x00000078adc00000]
Native frames: (J=compiled Java code, j=interpreted, Vv=VM code, C=native code)
V  [jvm.dll+0x6c8d39]
V  [jvm.dll+0x854091]
V  [jvm.dll+0x85630e]
V  [jvm.dll+0x8569e3]
V  [jvm.dll+0x2809a6]
V  [jvm.dll+0x6c5425]
V  [jvm.dll+0x6b9e1a]
V  [jvm.dll+0x3555ba]
V  [jvm.dll+0x35d206]
V  [jvm.dll+0x3adf6e]
V  [jvm.dll+0x3ae218]
V  [jvm.dll+0x328fcc]
V  [jvm.dll+0x329057]
V  [jvm.dll+0x36d90c]
V  [jvm.dll+0x36c10d]
V  [jvm.dll+0x328741]
V  [jvm.dll+0x36b81a]
V  [jvm.dll+0x85c4e8]
V  [jvm.dll+0x85d5e4]
V  [jvm.dll+0x85db20]
V  [jvm.dll+0x85ddc3]
V  [jvm.dll+0x7fd2c8]
V  [jvm.dll+0x6c748d]
C  [ucrtbase.dll+0x29333]
C  [KERNEL32.DLL+0x1259d]
C  [ntdll.dll+0x5af78]

VM_Operation (0x00000078ad2fd400): G1CollectForAllocation, mode: safepoint, requested by thread 0x0000017ef204f140


---------------  P R O C E S S  ---------------

Threads class SMR info:
_java_thread_list=0x0000017ef0840400, length=19, elements={
0x0000017ea137a900, 0x0000017ea137b820, 0x0000017ea137de80, 0x0000017ea1380b10,
0x0000017ea13a2970, 0x0000017ea13a5600, 0x0000017ea13a9da0, 0x0000017ea13afd00,
0x0000017ea14f7510, 0x0000017ea1502180, 0x0000017ef1256110, 0x0000017efd05ce90,
0x0000017ef1502710, 0x0000017ee7837d50, 0x0000017ee7837030, 0x0000017ef2051210,
0x0000017ef204f140, 0x0000017ea19bffe0, 0x0000017ea19bd700
}

Java Threads: ( => current thread )
  0x0000017ea137a900 JavaThread "Reference Handler"          daemon [_thread_blocked, id=3804, stack(0x00000078adc00000,0x00000078add00000) (1024K)]
  0x0000017ea137b820 JavaThread "Finalizer"                  daemon [_thread_blocked, id=6000, stack(0x00000078add00000,0x00000078ade00000) (1024K)]
  0x0000017ea137de80 JavaThread "Signal Dispatcher"          daemon [_thread_blocked, id=28668, stack(0x00000078ade00000,0x00000078adf00000) (1024K)]
  0x0000017ea1380b10 JavaThread "Attach Listener"            daemon [_thread_blocked, id=12744, stack(0x00000078adf00000,0x00000078ae000000) (1024K)]
  0x0000017ea13a2970 JavaThread "Service Thread"             daemon [_thread_blocked, id=22628, stack(0x00000078ae000000,0x00000078ae100000) (1024K)]
  0x0000017ea13a5600 JavaThread "Monitor Deflation Thread"   daemon [_thread_blocked, id=14080, stack(0x00000078ae100000,0x00000078ae200000) (1024K)]
  0x0000017ea13a9da0 JavaThread "C2 CompilerThread0"         daemon [_thread_blocked, id=23280, stack(0x00000078ae200000,0x00000078ae300000) (1024K)]
  0x0000017ea13afd00 JavaThread "C1 CompilerThread0"         daemon [_thread_blocked, id=32280, stack(0x00000078ae300000,0x00000078ae400000) (1024K)]
  0x0000017ea14f7510 JavaThread "Notification Thread"        daemon [_thread_blocked, id=29432, stack(0x00000078ae400000,0x00000078ae500000) (1024K)]
  0x0000017ea1502180 JavaThread "Common-Cleaner"             daemon [_thread_blocked, id=33600, stack(0x00000078ae500000,0x00000078ae600000) (1024K)]
  0x0000017ef1256110 JavaThread "client"                            [_thread_in_native, id=22608, stack(0x00000078af000000,0x00000078af100000) (1024K)]
  0x0000017efd05ce90 JavaThread "DestroyJavaVM"                     [_thread_blocked, id=29156, stack(0x00000078ad400000,0x00000078ad500000) (1024K)]
  0x0000017ef1502710 JavaThread "async0"                            [_thread_blocked, id=22612, stack(0x00000078af100000,0x00000078af200000) (1024K)]
  0x0000017ee7837d50 JavaThread "async1"                            [_thread_blocked, id=13356, stack(0x00000078ae600000,0x00000078ae700000) (1024K)]
  0x0000017ee7837030 JavaThread "debounce0"                         [_thread_blocked, id=23944, stack(0x00000078ad100000,0x00000078ad200000) (1024K)]
  0x0000017ef2051210 JavaThread "async2"                            [_thread_blocked, id=26304, stack(0x00000078ad300000,0x00000078ad400000) (1024K)]
  0x0000017ef204f140 JavaThread "ForkJoinPool.commonPool-worker-1" daemon [_thread_blocked, id=26324, stack(0x00000078ad200000,0x00000078ad300000) (1024K)]
  0x0000017ea19bffe0 JavaThread "C2 CompilerThread1"         daemon [_thread_blocked, id=1964, stack(0x00000078ae700000,0x00000078ae800000) (1024K)]
  0x0000017ea19bd700 JavaThread "C2 CompilerThread2"         daemon [_thread_blocked, id=18736, stack(0x00000078af200000,0x00000078af300000) (1024K)]
Total: 19

Other Threads:
=>0x0000017eff5f0580 VMThread "VM Thread"                           [id=28340, stack(0x00000078adb00000,0x00000078adc00000) (1024K)]
  0x0000017eff5d78d0 WatcherThread "VM Periodic Task Thread"        [id=1560, stack(0x00000078ada00000,0x00000078adb00000) (1024K)]
  0x0000017efd0fe810 WorkerThread "GC Thread#0"                     [id=21100, stack(0x00000078ad500000,0x00000078ad600000) (1024K)]
  0x0000017ea1ac6570 WorkerThread "GC Thread#1"                     [id=32712, stack(0x00000078ae800000,0x00000078ae900000) (1024K)]
  0x0000017ea1ac6910 WorkerThread "GC Thread#2"                     [id=26268, stack(0x00000078ae900000,0x00000078aea00000) (1024K)]
  0x0000017ea1ac6cb0 WorkerThread "GC Thread#3"                     [id=20656, stack(0x00000078aea00000,0x00000078aeb00000) (1024K)]
  0x0000017ea1ac7050 WorkerThread "GC Thread#4"                     [id=26360, stack(0x00000078aeb00000,0x00000078aec00000) (1024K)]
  0x0000017ee70ddc80 WorkerThread "GC Thread#5"                     [id=15912, stack(0x00000078aec00000,0x00000078aed00000) (1024K)]
  0x0000017ee70de020 WorkerThread "GC Thread#6"                     [id=11392, stack(0x00000078aed00000,0x00000078aee00000) (1024K)]
  0x0000017ee718bbc0 WorkerThread "GC Thread#7"                     [id=15524, stack(0x00000078aee00000,0x00000078aef00000) (1024K)]
  0x0000017eff414670 ConcurrentGCThread "G1 Main Marker"            [id=28944, stack(0x00000078ad600000,0x00000078ad700000) (1024K)]
  0x0000017eff415320 WorkerThread "G1 Conc#0"                       [id=14368, stack(0x00000078ad700000,0x00000078ad800000) (1024K)]
  0x0000017ee750bb20 WorkerThread "G1 Conc#1"                       [id=26616, stack(0x00000078aef00000,0x00000078af000000) (1024K)]
  0x0000017eff4a9090 ConcurrentGCThread "G1 Refine#0"               [id=16148, stack(0x00000078ad800000,0x00000078ad900000) (1024K)]
  0x0000017eff4a9c00 ConcurrentGCThread "G1 Service"                [id=15232, stack(0x00000078ad900000,0x00000078ada00000) (1024K)]
Total: 15

Threads with active compile tasks:
C2 CompilerThread0    71928 8393       4       kotlin.collections.CollectionsKt__MutableCollectionsKt::addAll (74 bytes)
C2 CompilerThread1    71928 8321       4       org.jetbrains.kotlin.load.java.lazy.ContextKt::child (65 bytes)
C2 CompilerThread2    71928 8392       4       kotlin.collections.SetsKt___SetsKt::minus (151 bytes)
Total: 3

VM state: at safepoint (normal execution)

VM Mutex/Monitor currently owned by a thread:  ([mutex/lock_event])
[0x00007ff8ad628548] Threads_lock - owner thread: 0x0000017eff5f0580
[0x00007ff8ad628648] Heap_lock - owner thread: 0x0000017ef204f140

Heap address: 0x0000000604c00000, size: 8116 MB, Compressed Oops mode: Zero based, Oop shift amount: 3

CDS archive(s) mapped at: [0x0000017ea2000000-0x0000017ea2c90000-0x0000017ea2c90000), size 13172736, SharedBaseAddress: 0x0000017ea2000000, ArchiveRelocationMode: 1.
Compressed class space mapped at: 0x0000017ea3000000-0x0000017ee3000000, reserved size: 1073741824
Narrow klass base: 0x0000017ea2000000, Narrow klass shift: 0, Narrow klass range: 0x100000000

GC Precious Log:
 CardTable entry size: 512
 Card Set container configuration: InlinePtr #cards 4 size 8 Array Of Cards #cards 32 size 80 Howl #buckets 8 coarsen threshold 7372 Howl Bitmap #cards 1024 size 144 coarsen threshold 921 Card regions per heap region 1 cards per card region 8192
 CPUs: 8 total, 8 available
 Memory: 32455M
 Large Page Support: Disabled
 NUMA Support: Disabled
 Compressed Oops: Enabled (Zero based)
 Heap Region Size: 4M
 Heap Min Capacity: 8M
 Heap Initial Capacity: 508M
 Heap Max Capacity: 8116M
 Pre-touch: Disabled
 Parallel Workers: 8
 Concurrent Workers: 2
 Concurrent Refinement Workers: 8
 Periodic GC: Disabled

Heap:
 garbage-first heap   total 520192K, used 291578K [0x0000000604c00000, 0x0000000800000000)
  region size 4096K, 5 young (20480K), 5 survivors (20480K)
 Metaspace       used 65550K, committed 66496K, reserved 1114112K
  class space    used 7804K, committed 8256K, reserved 1048576K

Heap Regions: E=young(eden), S=young(survivor), O=old, HS=humongous(starts), HC=humongous(continues), CS=collection set, F=free, TAMS=top-at-mark-start, PB=parsable bottom
|   0|0x0000000604c00000, 0x0000000605000000, 0x0000000605000000|100%|HS|  |TAMS 0x0000000605000000| PB 0x0000000604c00000| Complete 
|   1|0x0000000605000000, 0x0000000605400000, 0x0000000605400000|100%| O|  |TAMS 0x0000000605400000| PB 0x0000000605000000| Untracked 
|   2|0x0000000605400000, 0x0000000605800000, 0x0000000605800000|100%| O|  |TAMS 0x0000000605800000| PB 0x0000000605400000| Untracked 
|   3|0x0000000605800000, 0x0000000605c00000, 0x0000000605c00000|100%| O|  |TAMS 0x0000000605c00000| PB 0x0000000605800000| Untracked 
|   4|0x0000000605c00000, 0x0000000606000000, 0x0000000606000000|100%| O|  |TAMS 0x0000000606000000| PB 0x0000000605c00000| Untracked 
|   5|0x0000000606000000, 0x0000000606400000, 0x0000000606400000|100%| O|  |TAMS 0x0000000606400000| PB 0x0000000606000000| Untracked 
|   6|0x0000000606400000, 0x0000000606800000, 0x0000000606800000|100%| O|  |TAMS 0x0000000606800000| PB 0x0000000606400000| Untracked 
|   7|0x0000000606800000, 0x0000000606c00000, 0x0000000606c00000|100%| O|  |TAMS 0x0000000606c00000| PB 0x0000000606800000| Untracked 
|   8|0x0000000606c00000, 0x0000000607000000, 0x0000000607000000|100%| O|  |TAMS 0x0000000607000000| PB 0x0000000606c00000| Untracked 
|   9|0x0000000607000000, 0x0000000607400000, 0x0000000607400000|100%| O|  |TAMS 0x0000000607400000| PB 0x0000000607000000| Untracked 
|  10|0x0000000607400000, 0x0000000607800000, 0x0000000607800000|100%| O|  |TAMS 0x0000000607800000| PB 0x0000000607400000| Untracked 
|  11|0x0000000607800000, 0x0000000607c00000, 0x0000000607c00000|100%| O|  |TAMS 0x0000000607c00000| PB 0x0000000607800000| Untracked 
|  12|0x0000000607c00000, 0x0000000608000000, 0x0000000608000000|100%| O|  |TAMS 0x0000000608000000| PB 0x0000000607c00000| Untracked 
|  13|0x0000000608000000, 0x0000000608400000, 0x0000000608400000|100%| O|  |TAMS 0x0000000608400000| PB 0x0000000608000000| Untracked 
|  14|0x0000000608400000, 0x0000000608800000, 0x0000000608800000|100%| O|  |TAMS 0x0000000608800000| PB 0x0000000608400000| Untracked 
|  15|0x0000000608800000, 0x0000000608c00000, 0x0000000608c00000|100%| O|  |TAMS 0x0000000608c00000| PB 0x0000000608800000| Untracked 
|  16|0x0000000608c00000, 0x0000000609000000, 0x0000000609000000|100%| O|  |TAMS 0x0000000609000000| PB 0x0000000608c00000| Untracked 
|  17|0x0000000609000000, 0x0000000609400000, 0x0000000609400000|100%| O|  |TAMS 0x0000000609400000| PB 0x0000000609000000| Untracked 
|  18|0x0000000609400000, 0x0000000609800000, 0x0000000609800000|100%| O|  |TAMS 0x0000000609800000| PB 0x0000000609400000| Untracked 
|  19|0x0000000609800000, 0x0000000609c00000, 0x0000000609c00000|100%| O|  |TAMS 0x0000000609c00000| PB 0x0000000609800000| Untracked 
|  20|0x0000000609c00000, 0x000000060a000000, 0x000000060a000000|100%| O|  |TAMS 0x000000060a000000| PB 0x0000000609c00000| Untracked 
|  21|0x000000060a000000, 0x000000060a400000, 0x000000060a400000|100%| O|  |TAMS 0x000000060a400000| PB 0x000000060a000000| Untracked 
|  22|0x000000060a400000, 0x000000060a800000, 0x000000060a800000|100%| O|  |TAMS 0x000000060a800000| PB 0x000000060a400000| Untracked 
|  23|0x000000060a800000, 0x000000060ac00000, 0x000000060ac00000|100%| O|  |TAMS 0x000000060ac00000| PB 0x000000060a800000| Untracked 
|  24|0x000000060ac00000, 0x000000060b000000, 0x000000060b000000|100%| O|  |TAMS 0x000000060b000000| PB 0x000000060ac00000| Untracked 
|  25|0x000000060b000000, 0x000000060b400000, 0x000000060b400000|100%| O|  |TAMS 0x000000060b400000| PB 0x000000060b000000| Untracked 
|  26|0x000000060b400000, 0x000000060b800000, 0x000000060b800000|100%| O|  |TAMS 0x000000060b800000| PB 0x000000060b400000| Untracked 
|  27|0x000000060b800000, 0x000000060bc00000, 0x000000060bc00000|100%| O|  |TAMS 0x000000060bc00000| PB 0x000000060b800000| Untracked 
|  28|0x000000060bc00000, 0x000000060c000000, 0x000000060c000000|100%| O|  |TAMS 0x000000060c000000| PB 0x000000060bc00000| Untracked 
|  29|0x000000060c000000, 0x000000060c400000, 0x000000060c400000|100%| O|  |TAMS 0x000000060c400000| PB 0x000000060c000000| Untracked 
|  30|0x000000060c400000, 0x000000060c800000, 0x000000060c800000|100%| O|  |TAMS 0x000000060c800000| PB 0x000000060c400000| Untracked 
|  31|0x000000060c800000, 0x000000060cc00000, 0x000000060cc00000|100%| O|  |TAMS 0x000000060cc00000| PB 0x000000060c800000| Untracked 
|  32|0x000000060cc00000, 0x000000060d000000, 0x000000060d000000|100%| O|  |TAMS 0x000000060d000000| PB 0x000000060cc00000| Untracked 
|  33|0x000000060d000000, 0x000000060d400000, 0x000000060d400000|100%| O|  |TAMS 0x000000060d400000| PB 0x000000060d000000| Untracked 
|  34|0x000000060d400000, 0x000000060d800000, 0x000000060d800000|100%| O|  |TAMS 0x000000060d800000| PB 0x000000060d400000| Untracked 
|  35|0x000000060d800000, 0x000000060dc00000, 0x000000060dc00000|100%| O|  |TAMS 0x000000060dc00000| PB 0x000000060d800000| Untracked 
|  36|0x000000060dc00000, 0x000000060e000000, 0x000000060e000000|100%| O|  |TAMS 0x000000060e000000| PB 0x000000060dc00000| Untracked 
|  37|0x000000060e000000, 0x000000060e400000, 0x000000060e400000|100%| O|  |TAMS 0x000000060e400000| PB 0x000000060e000000| Untracked 
|  38|0x000000060e400000, 0x000000060e800000, 0x000000060e800000|100%| O|  |TAMS 0x000000060e800000| PB 0x000000060e400000| Untracked 
|  39|0x000000060e800000, 0x000000060ec00000, 0x000000060ec00000|100%| O|  |TAMS 0x000000060ec00000| PB 0x000000060e800000| Untracked 
|  40|0x000000060ec00000, 0x000000060f000000, 0x000000060f000000|100%| O|  |TAMS 0x000000060f000000| PB 0x000000060ec00000| Untracked 
|  41|0x000000060f000000, 0x000000060f400000, 0x000000060f400000|100%| O|  |TAMS 0x000000060f400000| PB 0x000000060f000000| Untracked 
|  42|0x000000060f400000, 0x000000060f800000, 0x000000060f800000|100%| O|  |TAMS 0x000000060f800000| PB 0x000000060f400000| Untracked 
|  43|0x000000060f800000, 0x000000060fc00000, 0x000000060fc00000|100%| O|  |TAMS 0x000000060fc00000| PB 0x000000060f800000| Untracked 
|  44|0x000000060fc00000, 0x0000000610000000, 0x0000000610000000|100%| O|  |TAMS 0x0000000610000000| PB 0x000000060fc00000| Untracked 
|  45|0x0000000610000000, 0x0000000610400000, 0x0000000610400000|100%| O|  |TAMS 0x0000000610400000| PB 0x0000000610000000| Untracked 
|  46|0x0000000610400000, 0x0000000610800000, 0x0000000610800000|100%| O|  |TAMS 0x0000000610800000| PB 0x0000000610400000| Untracked 
|  47|0x0000000610800000, 0x0000000610c00000, 0x0000000610c00000|100%| O|  |TAMS 0x0000000610c00000| PB 0x0000000610800000| Untracked 
|  48|0x0000000610c00000, 0x0000000611000000, 0x0000000611000000|100%| O|  |TAMS 0x0000000611000000| PB 0x0000000610c00000| Untracked 
|  49|0x0000000611000000, 0x0000000611400000, 0x0000000611400000|100%| O|  |TAMS 0x0000000611400000| PB 0x0000000611000000| Untracked 
|  50|0x0000000611400000, 0x0000000611800000, 0x0000000611800000|100%| O|  |TAMS 0x0000000611800000| PB 0x0000000611400000| Untracked 
|  51|0x0000000611800000, 0x0000000611c00000, 0x0000000611c00000|100%| O|  |TAMS 0x0000000611c00000| PB 0x0000000611800000| Untracked 
|  52|0x0000000611c00000, 0x0000000612000000, 0x0000000612000000|100%| O|  |TAMS 0x0000000612000000| PB 0x0000000611c00000| Untracked 
|  53|0x0000000612000000, 0x0000000612400000, 0x0000000612400000|100%| O|  |TAMS 0x0000000612400000| PB 0x0000000612000000| Untracked 
|  54|0x0000000612400000, 0x0000000612800000, 0x0000000612800000|100%| O|  |TAMS 0x0000000612800000| PB 0x0000000612400000| Untracked 
|  55|0x0000000612800000, 0x0000000612c00000, 0x0000000612c00000|100%| O|  |TAMS 0x0000000612c00000| PB 0x0000000612800000| Untracked 
|  56|0x0000000612c00000, 0x0000000613000000, 0x0000000613000000|100%| O|  |TAMS 0x0000000613000000| PB 0x0000000612c00000| Untracked 
|  57|0x0000000613000000, 0x0000000613400000, 0x0000000613400000|100%| O|  |TAMS 0x0000000613400000| PB 0x0000000613000000| Untracked 
|  58|0x0000000613400000, 0x0000000613800000, 0x0000000613800000|100%| O|  |TAMS 0x0000000613800000| PB 0x0000000613400000| Untracked 
|  59|0x0000000613800000, 0x0000000613c00000, 0x0000000613c00000|100%| O|  |TAMS 0x0000000613a66850| PB 0x0000000613800000| Untracked 
|  60|0x0000000613c00000, 0x0000000614000000, 0x0000000614000000|100%| O|  |TAMS 0x0000000613c00000| PB 0x0000000613c00000| Untracked 
|  61|0x0000000614000000, 0x0000000614000000, 0x0000000614400000|  0%| F|  |TAMS 0x0000000614000000| PB 0x0000000614000000| Untracked 
|  62|0x0000000614400000, 0x0000000614800000, 0x0000000614800000|100%| O|  |TAMS 0x0000000614400000| PB 0x0000000614400000| Untracked 
|  63|0x0000000614800000, 0x0000000614c00000, 0x0000000614c00000|100%| O|  |TAMS 0x0000000614800000| PB 0x0000000614800000| Untracked 
|  64|0x0000000614c00000, 0x0000000615000000, 0x0000000615000000|100%| O|  |TAMS 0x0000000614c00000| PB 0x0000000614c00000| Untracked 
|  65|0x0000000615000000, 0x0000000615400000, 0x0000000615400000|100%| O|  |TAMS 0x0000000615000000| PB 0x0000000615000000| Untracked 
|  66|0x0000000615400000, 0x0000000615800000, 0x0000000615800000|100%| O|  |TAMS 0x0000000615400000| PB 0x0000000615400000| Untracked 
|  67|0x0000000615800000, 0x00000006158bea28, 0x0000000615c00000| 18%| O|  |TAMS 0x0000000615800000| PB 0x0000000615800000| Untracked 
|  68|0x0000000615c00000, 0x0000000615c00000, 0x0000000616000000|  0%| F|  |TAMS 0x0000000615c00000| PB 0x0000000615c00000| Untracked 
|  69|0x0000000616000000, 0x0000000616000000, 0x0000000616400000|  0%| F|  |TAMS 0x0000000616000000| PB 0x0000000616000000| Untracked 
|  70|0x0000000616400000, 0x0000000616400000, 0x0000000616800000|  0%| F|  |TAMS 0x0000000616400000| PB 0x0000000616400000| Untracked 
|  71|0x0000000616800000, 0x0000000616800000, 0x0000000616c00000|  0%| F|  |TAMS 0x0000000616800000| PB 0x0000000616800000| Untracked 
|  72|0x0000000616c00000, 0x0000000616c00000, 0x0000000617000000|  0%| F|  |TAMS 0x0000000616c00000| PB 0x0000000616c00000| Untracked 
|  73|0x0000000617000000, 0x0000000617000000, 0x0000000617400000|  0%| F|  |TAMS 0x0000000617000000| PB 0x0000000617000000| Untracked 
|  74|0x0000000617400000, 0x0000000617400000, 0x0000000617800000|  0%| F|  |TAMS 0x0000000617400000| PB 0x0000000617400000| Untracked 
|  75|0x0000000617800000, 0x0000000617c00000, 0x0000000617c00000|100%| S|CS|TAMS 0x0000000617800000| PB 0x0000000617800000| Complete 
|  76|0x0000000617c00000, 0x0000000618000000, 0x0000000618000000|100%| S|CS|TAMS 0x0000000617c00000| PB 0x0000000617c00000| Complete 
|  77|0x0000000618000000, 0x0000000618400000, 0x0000000618400000|100%| S|CS|TAMS 0x0000000618000000| PB 0x0000000618000000| Complete 
|  78|0x0000000618400000, 0x0000000618800000, 0x0000000618800000|100%| S|CS|TAMS 0x0000000618400000| PB 0x0000000618400000| Complete 
|  79|0x0000000618800000, 0x0000000618c00000, 0x0000000618c00000|100%| S|CS|TAMS 0x0000000618800000| PB 0x0000000618800000| Complete 
|  80|0x0000000618c00000, 0x0000000618c00000, 0x0000000619000000|  0%| F|  |TAMS 0x0000000618c00000| PB 0x0000000618c00000| Untracked 
|  81|0x0000000619000000, 0x0000000619000000, 0x0000000619400000|  0%| F|  |TAMS 0x0000000619000000| PB 0x0000000619000000| Untracked 
|  82|0x0000000619400000, 0x0000000619400000, 0x0000000619800000|  0%| F|  |TAMS 0x0000000619400000| PB 0x0000000619400000| Untracked 
|  83|0x0000000619800000, 0x0000000619800000, 0x0000000619c00000|  0%| F|  |TAMS 0x0000000619800000| PB 0x0000000619800000| Untracked 
|  84|0x0000000619c00000, 0x0000000619c00000, 0x000000061a000000|  0%| F|  |TAMS 0x0000000619c00000| PB 0x0000000619c00000| Untracked 
|  85|0x000000061a000000, 0x000000061a000000, 0x000000061a400000|  0%| F|  |TAMS 0x000000061a000000| PB 0x000000061a000000| Untracked 
|  86|0x000000061a400000, 0x000000061a400000, 0x000000061a800000|  0%| F|  |TAMS 0x000000061a400000| PB 0x000000061a400000| Untracked 
|  87|0x000000061a800000, 0x000000061a800000, 0x000000061ac00000|  0%| F|  |TAMS 0x000000061a800000| PB 0x000000061a800000| Untracked 
|  88|0x000000061ac00000, 0x000000061ac00000, 0x000000061b000000|  0%| F|  |TAMS 0x000000061ac00000| PB 0x000000061ac00000| Untracked 
|  89|0x000000061b000000, 0x000000061b000000, 0x000000061b400000|  0%| F|  |TAMS 0x000000061b000000| PB 0x000000061b000000| Untracked 
|  90|0x000000061b400000, 0x000000061b400000, 0x000000061b800000|  0%| F|  |TAMS 0x000000061b400000| PB 0x000000061b400000| Untracked 
|  91|0x000000061b800000, 0x000000061b800000, 0x000000061bc00000|  0%| F|  |TAMS 0x000000061b800000| PB 0x000000061b800000| Untracked 
|  92|0x000000061bc00000, 0x000000061bc00000, 0x000000061c000000|  0%| F|  |TAMS 0x000000061bc00000| PB 0x000000061bc00000| Untracked 
|  93|0x000000061c000000, 0x000000061c000000, 0x000000061c400000|  0%| F|  |TAMS 0x000000061c000000| PB 0x000000061c000000| Untracked 
|  94|0x000000061c400000, 0x000000061c400000, 0x000000061c800000|  0%| F|  |TAMS 0x000000061c400000| PB 0x000000061c400000| Untracked 
|  95|0x000000061c800000, 0x000000061c800000, 0x000000061cc00000|  0%| F|  |TAMS 0x000000061c800000| PB 0x000000061c800000| Untracked 
|  96|0x000000061cc00000, 0x000000061cc00000, 0x000000061d000000|  0%| F|  |TAMS 0x000000061cc00000| PB 0x000000061cc00000| Untracked 
|  97|0x000000061d000000, 0x000000061d000000, 0x000000061d400000|  0%| F|  |TAMS 0x000000061d000000| PB 0x000000061d000000| Untracked 
|  98|0x000000061d400000, 0x000000061d400000, 0x000000061d800000|  0%| F|  |TAMS 0x000000061d400000| PB 0x000000061d400000| Untracked 
|  99|0x000000061d800000, 0x000000061d800000, 0x000000061dc00000|  0%| F|  |TAMS 0x000000061d800000| PB 0x000000061d800000| Untracked 
| 100|0x000000061dc00000, 0x000000061dc00000, 0x000000061e000000|  0%| F|  |TAMS 0x000000061dc00000| PB 0x000000061dc00000| Untracked 
| 101|0x000000061e000000, 0x000000061e000000, 0x000000061e400000|  0%| F|  |TAMS 0x000000061e000000| PB 0x000000061e000000| Untracked 
| 102|0x000000061e400000, 0x000000061e400000, 0x000000061e800000|  0%| F|  |TAMS 0x000000061e400000| PB 0x000000061e400000| Untracked 
| 103|0x000000061e800000, 0x000000061e800000, 0x000000061ec00000|  0%| F|  |TAMS 0x000000061e800000| PB 0x000000061e800000| Untracked 
| 104|0x000000061ec00000, 0x000000061ec00000, 0x000000061f000000|  0%| F|  |TAMS 0x000000061ec00000| PB 0x000000061ec00000| Untracked 
| 105|0x000000061f000000, 0x000000061f000000, 0x000000061f400000|  0%| F|  |TAMS 0x000000061f000000| PB 0x000000061f000000| Untracked 
| 106|0x000000061f400000, 0x000000061f400000, 0x000000061f800000|  0%| F|  |TAMS 0x000000061f400000| PB 0x000000061f400000| Untracked 
| 107|0x000000061f800000, 0x000000061f800000, 0x000000061fc00000|  0%| F|  |TAMS 0x000000061f800000| PB 0x000000061f800000| Untracked 
| 108|0x000000061fc00000, 0x000000061fc00000, 0x0000000620000000|  0%| F|  |TAMS 0x000000061fc00000| PB 0x000000061fc00000| Untracked 
| 109|0x0000000620000000, 0x0000000620000000, 0x0000000620400000|  0%| F|  |TAMS 0x0000000620000000| PB 0x0000000620000000| Untracked 
| 110|0x0000000620400000, 0x0000000620400000, 0x0000000620800000|  0%| F|  |TAMS 0x0000000620400000| PB 0x0000000620400000| Untracked 
| 111|0x0000000620800000, 0x0000000620800000, 0x0000000620c00000|  0%| F|  |TAMS 0x0000000620800000| PB 0x0000000620800000| Untracked 
| 112|0x0000000620c00000, 0x0000000620c00000, 0x0000000621000000|  0%| F|  |TAMS 0x0000000620c00000| PB 0x0000000620c00000| Untracked 
| 113|0x0000000621000000, 0x0000000621000000, 0x0000000621400000|  0%| F|  |TAMS 0x0000000621000000| PB 0x0000000621000000| Untracked 
| 114|0x0000000621400000, 0x0000000621400000, 0x0000000621800000|  0%| F|  |TAMS 0x0000000621400000| PB 0x0000000621400000| Untracked 
| 115|0x0000000621800000, 0x0000000621800000, 0x0000000621c00000|  0%| F|  |TAMS 0x0000000621800000| PB 0x0000000621800000| Untracked 
| 116|0x0000000621c00000, 0x0000000621c00000, 0x0000000622000000|  0%| F|  |TAMS 0x0000000621c00000| PB 0x0000000621c00000| Untracked 
| 117|0x0000000622000000, 0x0000000622000000, 0x0000000622400000|  0%| F|  |TAMS 0x0000000622000000| PB 0x0000000622000000| Untracked 
| 118|0x0000000622400000, 0x0000000622400000, 0x0000000622800000|  0%| F|  |TAMS 0x0000000622400000| PB 0x0000000622400000| Untracked 
| 119|0x0000000622800000, 0x0000000622800000, 0x0000000622c00000|  0%| F|  |TAMS 0x0000000622800000| PB 0x0000000622800000| Untracked 
| 120|0x0000000622c00000, 0x0000000622c00000, 0x0000000623000000|  0%| F|  |TAMS 0x0000000622c00000| PB 0x0000000622c00000| Untracked 
| 121|0x0000000623000000, 0x0000000623000000, 0x0000000623400000|  0%| F|  |TAMS 0x0000000623000000| PB 0x0000000623000000| Untracked 
| 122|0x0000000623400000, 0x0000000623400000, 0x0000000623800000|  0%| F|  |TAMS 0x0000000623400000| PB 0x0000000623400000| Untracked 
| 123|0x0000000623800000, 0x0000000623800000, 0x0000000623c00000|  0%| F|  |TAMS 0x0000000623800000| PB 0x0000000623800000| Untracked 
| 124|0x0000000623c00000, 0x0000000623c00000, 0x0000000624000000|  0%| F|  |TAMS 0x0000000623c00000| PB 0x0000000623c00000| Untracked 
| 125|0x0000000624000000, 0x0000000624000000, 0x0000000624400000|  0%| F|  |TAMS 0x0000000624000000| PB 0x0000000624000000| Untracked 
| 126|0x0000000624400000, 0x0000000624400000, 0x0000000624800000|  0%| F|  |TAMS 0x0000000624400000| PB 0x0000000624400000| Untracked 

Card table byte_map: [0x0000017efe420000,0x0000017eff400000] _byte_map_base: 0x0000017efb3fa000

Marking Bits: (CMBitMap*) 0x0000017eff404000
 Bits: [0x0000017e97380000, 0x0000017e9f250000)

Polling page: 0x0000017efb040000

Metaspace:

Usage:
  Non-class:     56.39 MB used.
      Class:      7.62 MB used.
       Both:     64.01 MB used.

Virtual space:
  Non-class space:       64.00 MB reserved,      56.88 MB ( 89%) committed,  1 nodes.
      Class space:        1.00 GB reserved,       8.06 MB ( <1%) committed,  1 nodes.
             Both:        1.06 GB reserved,      64.94 MB (  6%) committed. 

Chunk freelists:
   Non-Class:  6.61 MB
       Class:  7.94 MB
        Both:  14.55 MB

MaxMetaspaceSize: unlimited
CompressedClassSpaceSize: 1.00 GB
Initial GC threshold: 21.00 MB
Current GC threshold: 100.12 MB
CDS: on
 - commit_granule_bytes: 65536.
 - commit_granule_words: 8192.
 - virtual_space_node_default_size: 8388608.
 - enlarge_chunks_in_place: 1.
 - use_allocation_guard: 0.


Internal statistics:

num_allocs_failed_limit: 15.
num_arena_births: 1536.
num_arena_deaths: 0.
num_vsnodes_births: 2.
num_vsnodes_deaths: 0.
num_space_committed: 1037.
num_space_uncommitted: 0.
num_chunks_returned_to_freelist: 15.
num_chunks_taken_from_freelist: 3981.
num_chunk_merges: 15.
num_chunk_splits: 2941.
num_chunks_enlarged: 2202.
num_inconsistent_stats: 0.

CodeHeap 'non-profiled nmethods': size=120000Kb used=5857Kb max_used=5857Kb free=114142Kb
 bounds [0x0000017e8fe50000, 0x0000017e90410000, 0x0000017e97380000]
CodeHeap 'profiled nmethods': size=120000Kb used=16574Kb max_used=16574Kb free=103425Kb
 bounds [0x0000017e88380000, 0x0000017e893b0000, 0x0000017e8f8b0000]
CodeHeap 'non-nmethods': size=5760Kb used=1927Kb max_used=1998Kb free=3832Kb
 bounds [0x0000017e8f8b0000, 0x0000017e8fb20000, 0x0000017e8fe50000]
 total_blobs=8402 nmethods=7663 adapters=643
 compilation: enabled
              stopped_count=0, restarted_count=0
 full_count=0

Compilation events (20 events):
Event: 71.766 Thread 0x0000017ea13afd00 8361       3       org.jetbrains.exposed.sql.VarCharColumnType::validateValueBeforeUpdate (89 bytes)
Event: 71.767 Thread 0x0000017ea13afd00 nmethod 8361 0x0000017e893ac390 code [0x0000017e893ac6e0, 0x0000017e893ada90]
Event: 71.767 Thread 0x0000017ea13afd00 8362       3       java.lang.String::codePointCount (31 bytes)
Event: 71.768 Thread 0x0000017ea13afd00 nmethod 8362 0x0000017e893ae110 code [0x0000017e893ae320, 0x0000017e893ae8c0]
Event: 71.768 Thread 0x0000017ea13afd00 8363       3       org.jetbrains.exposed.sql.ColumnType::validateValueBeforeUpdate (9 bytes)
Event: 71.768 Thread 0x0000017ea13afd00 nmethod 8363 0x0000017e893aeb10 code [0x0000017e893aecc0, 0x0000017e893aee98]
Event: 71.768 Thread 0x0000017ea13afd00 8364       3       org.jetbrains.exposed.sql.IColumnType$DefaultImpls::validateValueBeforeUpdate (7 bytes)
Event: 71.769 Thread 0x0000017ea13afd00 nmethod 8364 0x0000017e893aef90 code [0x0000017e893af1a0, 0x0000017e893af728]
Event: 71.769 Thread 0x0000017ea13afd00 8347       1       org.jetbrains.exposed.sql.EntityIDColumnType::getIdColumn (5 bytes)
Event: 71.769 Thread 0x0000017ea13afd00 nmethod 8347 0x0000017e903fb890 code [0x0000017e903fba20, 0x0000017e903fbaf0]
Event: 71.770 Thread 0x0000017ea13a9da0 nmethod 8335 0x0000017e903fbb90 code [0x0000017e903fbd60, 0x0000017e903fc108]
Event: 71.770 Thread 0x0000017ea13a9da0 8381       4       java.util.HashMap::putVal (300 bytes)
Event: 71.785 Thread 0x0000017ea13a9da0 nmethod 8381 0x0000017e903fc410 code [0x0000017e903fc640, 0x0000017e903fcfe8]
Event: 71.785 Thread 0x0000017ea13a9da0 8384       4       kotlin.collections.CollectionsKt___CollectionsKt::minus (121 bytes)
Event: 71.797 Thread 0x0000017ea19bd700 nmethod 8212 0x0000017e903fd690 code [0x0000017e903fdce0, 0x0000017e90402978]
Event: 71.800 Thread 0x0000017ea19bd700 8385       4       java.util.HashMap::clear (50 bytes)
Event: 71.808 Thread 0x0000017ea19bd700 nmethod 8385 0x0000017e90406210 code [0x0000017e904063a0, 0x0000017e90406680]
Event: 71.808 Thread 0x0000017ea19bd700 8392       4       kotlin.collections.SetsKt___SetsKt::minus (151 bytes)
Event: 71.817 Thread 0x0000017ea13a9da0 nmethod 8384 0x0000017e90406790 code [0x0000017e904069e0, 0x0000017e904078f0]
Event: 71.819 Thread 0x0000017ea13a9da0 8393       4       kotlin.collections.CollectionsKt__MutableCollectionsKt::addAll (74 bytes)

GC Heap History (20 events):
Event: 67.470 GC heap after
{Heap after GC invocations=38 (full 0):
 garbage-first heap   total 106496K, used 45063K [0x0000000604c00000, 0x0000000800000000)
  region size 4096K, 2 young (8192K), 2 survivors (8192K)
 Metaspace       used 64766K, committed 65664K, reserved 1114112K
  class space    used 7793K, committed 8192K, reserved 1048576K
}
Event: 67.725 GC heap before
{Heap before GC invocations=38 (full 0):
 garbage-first heap   total 106496K, used 86023K [0x0000000604c00000, 0x0000000800000000)
  region size 4096K, 12 young (49152K), 2 survivors (8192K)
 Metaspace       used 65029K, committed 65920K, reserved 1114112K
  class space    used 7793K, committed 8192K, reserved 1048576K
}
Event: 67.731 GC heap after
{Heap after GC invocations=39 (full 0):
 garbage-first heap   total 106496K, used 52373K [0x0000000604c00000, 0x0000000800000000)
  region size 4096K, 2 young (8192K), 2 survivors (8192K)
 Metaspace       used 65029K, committed 65920K, reserved 1114112K
  class space    used 7793K, committed 8192K, reserved 1048576K
}
Event: 67.890 GC heap before
{Heap before GC invocations=39 (full 0):
 garbage-first heap   total 106496K, used 89237K [0x0000000604c00000, 0x0000000800000000)
  region size 4096K, 11 young (45056K), 2 survivors (8192K)
 Metaspace       used 65080K, committed 65984K, reserved 1114112K
  class space    used 7794K, committed 8192K, reserved 1048576K
}
Event: 67.897 GC heap after
{Heap after GC invocations=40 (full 0):
 garbage-first heap   total 315392K, used 58400K [0x0000000604c00000, 0x0000000800000000)
  region size 4096K, 2 young (8192K), 2 survivors (8192K)
 Metaspace       used 65080K, committed 65984K, reserved 1114112K
  class space    used 7794K, committed 8192K, reserved 1048576K
}
Event: 68.649 GC heap before
{Heap before GC invocations=40 (full 0):
 garbage-first heap   total 315392K, used 234528K [0x0000000604c00000, 0x0000000800000000)
  region size 4096K, 46 young (188416K), 2 survivors (8192K)
 Metaspace       used 65259K, committed 66240K, reserved 1114112K
  class space    used 7795K, committed 8256K, reserved 1048576K
}
Event: 68.671 GC heap after
{Heap after GC invocations=41 (full 0):
 garbage-first heap   total 315392K, used 89921K [0x0000000604c00000, 0x0000000800000000)
  region size 4096K, 6 young (24576K), 6 survivors (24576K)
 Metaspace       used 65259K, committed 66240K, reserved 1114112K
  class space    used 7795K, committed 8256K, reserved 1048576K
}
Event: 69.102 GC heap before
{Heap before GC invocations=41 (full 0):
 garbage-first heap   total 315392K, used 253761K [0x0000000604c00000, 0x0000000800000000)
  region size 4096K, 46 young (188416K), 6 survivors (24576K)
 Metaspace       used 65370K, committed 66304K, reserved 1114112K
  class space    used 7796K, committed 8256K, reserved 1048576K
}
Event: 69.124 GC heap after
{Heap after GC invocations=42 (full 0):
 garbage-first heap   total 315392K, used 116772K [0x0000000604c00000, 0x0000000800000000)
  region size 4096K, 6 young (24576K), 6 survivors (24576K)
 Metaspace       used 65370K, committed 66304K, reserved 1114112K
  class space    used 7796K, committed 8256K, reserved 1048576K
}
Event: 69.453 GC heap before
{Heap before GC invocations=42 (full 0):
 garbage-first heap   total 315392K, used 260132K [0x0000000604c00000, 0x0000000800000000)
  region size 4096K, 41 young (167936K), 6 survivors (24576K)
 Metaspace       used 65406K, committed 66368K, reserved 1114112K
  class space    used 7797K, committed 8256K, reserved 1048576K
}
Event: 69.477 GC heap after
{Heap after GC invocations=43 (full 0):
 garbage-first heap   total 315392K, used 141577K [0x0000000604c00000, 0x0000000800000000)
  region size 4096K, 6 young (24576K), 6 survivors (24576K)
 Metaspace       used 65406K, committed 66368K, reserved 1114112K
  class space    used 7797K, committed 8256K, reserved 1048576K
}
Event: 69.745 GC heap before
{Heap before GC invocations=43 (full 0):
 garbage-first heap   total 315392K, used 264457K [0x0000000604c00000, 0x0000000800000000)
  region size 4096K, 36 young (147456K), 6 survivors (24576K)
 Metaspace       used 65437K, committed 66368K, reserved 1114112K
  class space    used 7797K, committed 8256K, reserved 1048576K
}
Event: 69.765 GC heap after
{Heap after GC invocations=44 (full 0):
 garbage-first heap   total 466944K, used 161941K [0x0000000604c00000, 0x0000000800000000)
  region size 4096K, 5 young (20480K), 5 survivors (20480K)
 Metaspace       used 65437K, committed 66368K, reserved 1114112K
  class space    used 7797K, committed 8256K, reserved 1048576K
}
Event: 70.305 GC heap before
{Heap before GC invocations=44 (full 0):
 garbage-first heap   total 466944K, used 383125K [0x0000000604c00000, 0x0000000800000000)
  region size 4096K, 59 young (241664K), 5 survivors (20480K)
 Metaspace       used 65451K, committed 66368K, reserved 1114112K
  class space    used 7797K, committed 8256K, reserved 1048576K
}
Event: 70.334 GC heap after
{Heap after GC invocations=45 (full 0):
 garbage-first heap   total 466944K, used 201246K [0x0000000604c00000, 0x0000000800000000)
  region size 4096K, 8 young (32768K), 8 survivors (32768K)
 Metaspace       used 65451K, committed 66368K, reserved 1114112K
  class space    used 7797K, committed 8256K, reserved 1048576K
}
Event: 70.839 GC heap before
{Heap before GC invocations=45 (full 0):
 garbage-first heap   total 466944K, used 385566K [0x0000000604c00000, 0x0000000800000000)
  region size 4096K, 53 young (217088K), 8 survivors (32768K)
 Metaspace       used 65454K, committed 66368K, reserved 1114112K
  class space    used 7798K, committed 8256K, reserved 1048576K
}
Event: 70.874 GC heap after
{Heap after GC invocations=46 (full 0):
 garbage-first heap   total 466944K, used 236996K [0x0000000604c00000, 0x0000000800000000)
  region size 4096K, 7 young (28672K), 7 survivors (28672K)
 Metaspace       used 65454K, committed 66368K, reserved 1114112K
  class space    used 7798K, committed 8256K, reserved 1048576K
}
Event: 71.318 GC heap before
{Heap before GC invocations=46 (full 0):
 garbage-first heap   total 466944K, used 400836K [0x0000000604c00000, 0x0000000800000000)
  region size 4096K, 47 young (192512K), 7 survivors (28672K)
 Metaspace       used 65507K, committed 66432K, reserved 1114112K
  class space    used 7804K, committed 8256K, reserved 1048576K
}
Event: 71.353 GC heap after
{Heap after GC invocations=47 (full 0):
 garbage-first heap   total 466944K, used 268698K [0x0000000604c00000, 0x0000000800000000)
  region size 4096K, 6 young (24576K), 6 survivors (24576K)
 Metaspace       used 65507K, committed 66432K, reserved 1114112K
  class space    used 7804K, committed 8256K, reserved 1048576K
}
Event: 71.861 GC heap before
{Heap before GC invocations=47 (full 0):
 garbage-first heap   total 466944K, used 407962K [0x0000000604c00000, 0x0000000800000000)
  region size 4096K, 40 young (163840K), 6 survivors (24576K)
 Metaspace       used 65550K, committed 66496K, reserved 1114112K
  class space    used 7804K, committed 8256K, reserved 1048576K
}

Dll operation events (8 events):
Event: 0.009 Loaded shared library C:\Program Files\Java\jdk-21\bin\java.dll
Event: 0.044 Loaded shared library C:\Program Files\Java\jdk-21\bin\jsvml.dll
Event: 0.124 Loaded shared library C:\Program Files\Java\jdk-21\bin\net.dll
Event: 0.126 Loaded shared library C:\Program Files\Java\jdk-21\bin\nio.dll
Event: 0.132 Loaded shared library C:\Program Files\Java\jdk-21\bin\zip.dll
Event: 0.223 Loaded shared library C:\Program Files\Java\jdk-21\bin\jimage.dll
Event: 1.320 Loaded shared library C:\Program Files\Java\jdk-21\bin\verify.dll
Event: 2.968 Loaded shared library C:\Users\notai\AppData\Local\Temp\sqlite-3.41.2.1-3e0b8328-1a61-46c9-848c-617a36259fb8-sqlitejdbc.dll

Deoptimization events (20 events):
Event: 71.062 Thread 0x0000017ef204f140 Uncommon trap: trap_request=0xffffffd6 fr.pc=0x0000017e903b1768 relative=0x0000000000000388
Event: 71.062 Thread 0x0000017ef204f140 Uncommon trap: reason=array_check action=maybe_recompile pc=0x0000017e903b1768 method=java.util.AbstractCollection.toArray([Ljava/lang/Object;)[Ljava/lang/Object; @ 116 c2
Event: 71.062 Thread 0x0000017ef204f140 DEOPT PACKING pc=0x0000017e903b1768 sp=0x00000078ad2fcf70
Event: 71.062 Thread 0x0000017ef204f140 DEOPT UNPACKING pc=0x0000017e8f907da2 sp=0x00000078ad2fcf00 mode 2
Event: 71.062 Thread 0x0000017ef204f140 Uncommon trap: trap_request=0xffffffd6 fr.pc=0x0000017e903b1768 relative=0x0000000000000388
Event: 71.062 Thread 0x0000017ef204f140 Uncommon trap: reason=array_check action=maybe_recompile pc=0x0000017e903b1768 method=java.util.AbstractCollection.toArray([Ljava/lang/Object;)[Ljava/lang/Object; @ 116 c2
Event: 71.062 Thread 0x0000017ef204f140 DEOPT PACKING pc=0x0000017e903b1768 sp=0x00000078ad2fcf70
Event: 71.062 Thread 0x0000017ef204f140 DEOPT UNPACKING pc=0x0000017e8f907da2 sp=0x00000078ad2fcf00 mode 2
Event: 71.464 Thread 0x0000017ef204f140 Uncommon trap: trap_request=0xffffff45 fr.pc=0x0000017e9039b8cc relative=0x0000000000002fcc
Event: 71.464 Thread 0x0000017ef204f140 Uncommon trap: reason=unstable_if action=reinterpret pc=0x0000017e9039b8cc method=com.intellij.openapi.util.text.StringUtil.escapeStringCharacters(ILjava/lang/String;Ljava/lang/String;ZZLjava/lang/StringBuilder;)Ljava/lang/StringBuilder; @ 41 c2
Event: 71.464 Thread 0x0000017ef204f140 DEOPT PACKING pc=0x0000017e9039b8cc sp=0x00000078ad2fcae0
Event: 71.464 Thread 0x0000017ef204f140 DEOPT UNPACKING pc=0x0000017e8f907da2 sp=0x00000078ad2fcad8 mode 2
Event: 71.464 Thread 0x0000017ef204f140 Uncommon trap: trap_request=0xffffff45 fr.pc=0x0000017e8fe5b530 relative=0x00000000000004d0
Event: 71.464 Thread 0x0000017ef204f140 Uncommon trap: reason=unstable_if action=reinterpret pc=0x0000017e8fe5b530 method=java.lang.AbstractStringBuilder.isLatin1()Z @ 10 c2
Event: 71.464 Thread 0x0000017ef204f140 DEOPT PACKING pc=0x0000017e8fe5b530 sp=0x00000078ad2fca70
Event: 71.464 Thread 0x0000017ef204f140 DEOPT UNPACKING pc=0x0000017e8f907da2 sp=0x00000078ad2fc9a8 mode 2
Event: 71.684 Thread 0x0000017ef204f140 Uncommon trap: trap_request=0xffffff5c fr.pc=0x0000017e903ea0f0 relative=0x00000000000045f0
Event: 71.685 Thread 0x0000017ef204f140 Uncommon trap: reason=speculate_null_check action=make_not_entrant pc=0x0000017e903ea0f0 method=com.intellij.openapi.vfs.VfsUtilCore.isAncestor(Lcom/intellij/openapi/vfs/VirtualFile;Lcom/intellij/openapi/vfs/VirtualFile;Z)Z @ 46 c2
Event: 71.685 Thread 0x0000017ef204f140 DEOPT PACKING pc=0x0000017e903ea0f0 sp=0x00000078ad2fc270
Event: 71.685 Thread 0x0000017ef204f140 DEOPT UNPACKING pc=0x0000017e8f907da2 sp=0x00000078ad2fc1f8 mode 2

Classes loaded (20 events):
Event: 65.848 Loading class java/util/stream/IntPipeline$1
Event: 65.848 Loading class java/util/stream/IntPipeline$1 done
Event: 65.849 Loading class java/util/stream/IntPipeline$1$1
Event: 65.849 Loading class java/util/stream/IntPipeline$1$1 done
Event: 65.917 Loading class java/nio/file/attribute/PosixFilePermission
Event: 65.917 Loading class java/nio/file/attribute/PosixFilePermission done
Event: 66.256 Loading class java/util/concurrent/CompletableFuture$AsyncRun
Event: 66.256 Loading class java/util/concurrent/CompletableFuture$AsyncRun done
Event: 66.314 Loading class java/util/concurrent/ConcurrentLinkedQueue$Itr
Event: 66.314 Loading class java/util/concurrent/ConcurrentLinkedQueue$Itr done
Event: 66.366 Loading class java/util/AbstractList$RandomAccessSubList
Event: 66.366 Loading class java/util/AbstractList$RandomAccessSubList done
Event: 66.564 Loading class java/util/stream/LongStream
Event: 66.565 Loading class java/util/stream/LongStream done
Event: 66.565 Loading class java/util/stream/DoubleStream
Event: 66.565 Loading class java/util/stream/DoubleStream done
Event: 66.663 Loading class java/lang/Character$UnicodeBlock
Event: 66.664 Loading class java/lang/Character$Subset
Event: 66.664 Loading class java/lang/Character$Subset done
Event: 66.665 Loading class java/lang/Character$UnicodeBlock done

Classes unloaded (0 events):
No events

Classes redefined (0 events):
No events

Internal exceptions (20 events):
Event: 65.889 Thread 0x0000017ee7837030 Exception <a 'java/lang/NoSuchMethodError'{0x000000060a0ebc88}: 'java.lang.Object java.lang.invoke.DirectMethodHandle$Holder.newInvokeSpecial(java.lang.Object, java.lang.Object, java.lang.Object, java.lang.Object, int)'> (0x000000060a0ebc88) 
thrown [s\open\src\hotspot\share\interpreter\linkResolver.cpp, line 773]
Event: 65.889 Thread 0x0000017ee7837030 Exception <a 'java/lang/NoSuchMethodError'{0x000000060a0efd30}: 'java.lang.Object java.lang.invoke.DirectMethodHandle$Holder.invokeSpecial(java.lang.Object, java.lang.Object, java.lang.Object, java.lang.Object, java.lang.Object, int)'> (0x000000060a0efd30) 
thrown [s\open\src\hotspot\share\interpreter\linkResolver.cpp, line 773]
Event: 65.889 Thread 0x0000017ee7837030 Exception <a 'java/lang/NoSuchMethodError'{0x000000060a0f37a0}: 'java.lang.Object java.lang.invoke.Invokers$Holder.linkToTargetMethod(java.lang.Object, java.lang.Object, java.lang.Object, int, java.lang.Object)'> (0x000000060a0f37a0) 
thrown [s\open\src\hotspot\share\interpreter\linkResolver.cpp, line 773]
Event: 65.971 Thread 0x0000017ee7837030 Exception <a 'java/lang/NoSuchMethodError'{0x0000000609e04ca8}: 'java.lang.Object java.lang.invoke.DirectMethodHandle$Holder.invokeStaticInit(java.lang.Object, java.lang.Object, java.lang.Object, java.lang.Object)'> (0x0000000609e04ca8) 
thrown [s\open\src\hotspot\share\interpreter\linkResolver.cpp, line 773]
Event: 65.983 Thread 0x0000017ee7837030 Exception <a 'java/lang/NoSuchMethodError'{0x0000000609ea96c8}: 'java.lang.Object java.lang.invoke.DirectMethodHandle$Holder.newInvokeSpecial(java.lang.Object, int, java.lang.Object, java.lang.Object, java.lang.Object, java.lang.Object, java.lang.Object)'> (0x0000000609ea96c8) 
thrown [s\open\src\hotspot\share\interpreter\linkResolver.cpp, line 773]
Event: 66.038 Thread 0x0000017ee7837030 Implicit null exception at 0x0000017e9013b65a to 0x0000017e9013b764
Event: 66.201 Thread 0x0000017ee7837030 Exception <a 'java/lang/NoSuchMethodError'{0x0000000609225d90}: 'java.lang.Object java.lang.invoke.DirectMethodHandle$Holder.newInvokeSpecial(java.lang.Object, java.lang.Object, java.lang.Object, java.lang.Object, java.lang.Object, java.lang.Object, java.lang.Object, int)'> (0x0000000609225d90) 
thrown [s\open\src\hotspot\share\interpreter\linkResolver.cpp, line 773]
Event: 66.201 Thread 0x0000017ee7837030 Exception <a 'java/lang/NoSuchMethodError'{0x000000060922a648}: 'java.lang.Object java.lang.invoke.DirectMethodHandle$Holder.invokeSpecial(java.lang.Object, java.lang.Object, java.lang.Object, java.lang.Object, java.lang.Object, java.lang.Object, java.lang.Object, java.lang.Object, int)'> (0x000000060922a648) 
thrown [s\open\src\hotspot\share\interpreter\linkResolver.cpp, line 773]
Event: 66.209 Thread 0x0000017ee7837030 Implicit null exception at 0x0000017e8fed789b to 0x0000017e8fed7a94
Event: 66.259 Thread 0x0000017ef2051210 Exception <a 'java/lang/NoSuchMethodError'{0x0000000608c0d568}: 'java.lang.Object java.lang.invoke.DirectMethodHandle$Holder.invokeStatic(java.lang.Object, java.lang.Object, java.lang.Object, java.lang.Object, long, java.lang.Object)'> (0x0000000608c0d568) 
thrown [s\open\src\hotspot\share\interpreter\linkResolver.cpp, line 773]
Event: 66.260 Thread 0x0000017ef2051210 Exception <a 'java/lang/NoSuchMethodError'{0x0000000608c14678}: 'java.lang.Object java.lang.invoke.DirectMethodHandle$Holder.newInvokeSpecial(java.lang.Object, java.lang.Object, java.lang.Object, java.lang.Object, long)'> (0x0000000608c14678) 
thrown [s\open\src\hotspot\share\interpreter\linkResolver.cpp, line 773]
Event: 66.260 Thread 0x0000017ef2051210 Exception <a 'java/lang/NoSuchMethodError'{0x0000000608c18330}: 'java.lang.Object java.lang.invoke.DirectMethodHandle$Holder.invokeSpecial(java.lang.Object, java.lang.Object, java.lang.Object, java.lang.Object, java.lang.Object, long)'> (0x0000000608c18330) 
thrown [s\open\src\hotspot\share\interpreter\linkResolver.cpp, line 773]
Event: 66.260 Thread 0x0000017ef2051210 Exception <a 'java/lang/NoSuchMethodError'{0x0000000608c1baa8}: 'java.lang.Object java.lang.invoke.Invokers$Holder.linkToTargetMethod(java.lang.Object, java.lang.Object, java.lang.Object, long, java.lang.Object)'> (0x0000000608c1baa8) 
thrown [s\open\src\hotspot\share\interpreter\linkResolver.cpp, line 773]
Event: 66.299 Thread 0x0000017ee7837030 Exception <a 'java/lang/NoSuchMethodError'{0x00000006088004d8}: 'java.lang.Object java.lang.invoke.DirectMethodHandle$Holder.invokeSpecial(java.lang.Object, java.lang.Object, java.lang.Object, java.lang.Object, java.lang.Object, java.lang.Object, int)'> (0x00000006088004d8) 
thrown [s\open\src\hotspot\share\interpreter\linkResolver.cpp, line 773]
Event: 66.323 Thread 0x0000017ee7837030 Exception <a 'java/lang/NoSuchMethodError'{0x00000006088b3770}: 'java.lang.Object java.lang.invoke.DirectMethodHandle$Holder.newInvokeSpecial(java.lang.Object, java.lang.Object, java.lang.Object, java.lang.Object, int, java.lang.Object)'> (0x00000006088b3770) 
thrown [s\open\src\hotspot\share\interpreter\linkResolver.cpp, line 773]
Event: 66.324 Thread 0x0000017ee7837030 Exception <a 'java/lang/NoSuchMethodError'{0x00000006088baf78}: 'java.lang.Object java.lang.invoke.Invokers$Holder.linkToTargetMethod(java.lang.Object, java.lang.Object, java.lang.Object, int, java.lang.Object, java.lang.Object)'> (0x00000006088baf78) 
thrown [s\open\src\hotspot\share\interpreter\linkResolver.cpp, line 773]
Event: 66.749 Thread 0x0000017ee7837030 Exception <a 'java/lang/NoSuchMethodError'{0x000000060a61f3a8}: 'java.lang.Object java.lang.invoke.DirectMethodHandle$Holder.invokeStatic(java.lang.Object, int, int, java.lang.Object)'> (0x000000060a61f3a8) 
thrown [s\open\src\hotspot\share\interpreter\linkResolver.cpp, line 773]
Event: 66.800 Thread 0x0000017ef204f140 Implicit null exception at 0x0000017e8ffffb5d to 0x0000017e8ffffc3d
Event: 67.082 Thread 0x0000017ef204f140 Implicit null exception at 0x0000017e9009bc8a to 0x0000017e9009c014
Event: 69.424 Thread 0x0000017ef204f140 Implicit null exception at 0x0000017e9021f408 to 0x0000017e90225a7c

ZGC Phase Switch (0 events):
No events

VM Operations (20 events):
Event: 67.962 Executing VM operation: HandshakeAllThreads (Deoptimize) done
Event: 68.344 Executing VM operation: ICBufferFull
Event: 68.345 Executing VM operation: ICBufferFull done
Event: 68.649 Executing VM operation: G1CollectForAllocation (G1 Evacuation Pause)
Event: 68.671 Executing VM operation: G1CollectForAllocation (G1 Evacuation Pause) done
Event: 69.102 Executing VM operation: G1CollectForAllocation (G1 Evacuation Pause)
Event: 69.124 Executing VM operation: G1CollectForAllocation (G1 Evacuation Pause) done
Event: 69.453 Executing VM operation: G1CollectForAllocation (G1 Evacuation Pause)
Event: 69.477 Executing VM operation: G1CollectForAllocation (G1 Evacuation Pause) done
Event: 69.745 Executing VM operation: G1CollectForAllocation (G1 Evacuation Pause)
Event: 69.765 Executing VM operation: G1CollectForAllocation (G1 Evacuation Pause) done
Event: 70.304 Executing VM operation: G1CollectForAllocation (G1 Evacuation Pause)
Event: 70.334 Executing VM operation: G1CollectForAllocation (G1 Evacuation Pause) done
Event: 70.839 Executing VM operation: G1CollectForAllocation (G1 Evacuation Pause)
Event: 70.874 Executing VM operation: G1CollectForAllocation (G1 Evacuation Pause) done
Event: 70.918 Executing VM operation: HandshakeAllThreads (Deoptimize)
Event: 70.918 Executing VM operation: HandshakeAllThreads (Deoptimize) done
Event: 71.318 Executing VM operation: G1CollectForAllocation (G1 Evacuation Pause)
Event: 71.353 Executing VM operation: G1CollectForAllocation (G1 Evacuation Pause) done
Event: 71.861 Executing VM operation: G1CollectForAllocation (G1 Evacuation Pause)

Events (20 events):
Event: 66.500 Thread 0x0000017eff5f0580 flushing nmethod 0x0000017e8ff5d190
Event: 66.500 Thread 0x0000017eff5f0580 flushing nmethod 0x0000017e8ff46790
Event: 66.500 Thread 0x0000017eff5f0580 flushing nmethod 0x0000017e8ff40590
Event: 66.500 Thread 0x0000017eff5f0580 flushing nmethod 0x0000017e8fee2c10
Event: 66.500 Thread 0x0000017eff5f0580 flushing nmethod 0x0000017e8ff0fc90
Event: 66.500 Thread 0x0000017eff5f0580 flushing nmethod 0x0000017e8ff04910
Event: 66.500 Thread 0x0000017eff5f0580 flushing nmethod 0x0000017e8ff04310
Event: 66.500 Thread 0x0000017eff5f0580 flushing nmethod 0x0000017e8fed2610
Event: 66.500 Thread 0x0000017eff5f0580 flushing nmethod 0x0000017e8fedb690
Event: 66.500 Thread 0x0000017eff5f0580 flushing nmethod 0x0000017e8fec8710
Event: 66.500 Thread 0x0000017eff5f0580 flushing nmethod 0x0000017e8fec0a90
Event: 66.500 Thread 0x0000017eff5f0580 flushing nmethod 0x0000017e8febec90
Event: 66.500 Thread 0x0000017eff5f0580 flushing nmethod 0x0000017e8feaa510
Event: 66.500 Thread 0x0000017eff5f0580 flushing nmethod 0x0000017e8fea8c90
Event: 66.500 Thread 0x0000017eff5f0580 flushing nmethod 0x0000017e8fe87810
Event: 66.500 Thread 0x0000017eff5f0580 flushing nmethod 0x0000017e8fe70810
Event: 66.673 Thread 0x0000017ea13b03d0 Thread exited: 0x0000017ea13b03d0
Event: 66.759 Thread 0x0000017ef204f140 Thread added: 0x0000017ef204f140
Event: 66.770 Thread 0x0000017ea19bffe0 Thread added: 0x0000017ea19bffe0
Event: 66.942 Thread 0x0000017ea19bd700 Thread added: 0x0000017ea19bd700


Dynamic libraries:
0x00007ff7e8a10000 - 0x00007ff7e8a1e000 	C:\Program Files\Java\jdk-21\bin\java.exe
0x00007ff9979b0000 - 0x00007ff997bc8000 	C:\WINDOWS\SYSTEM32\ntdll.dll
0x00007ff996d70000 - 0x00007ff996e34000 	C:\WINDOWS\System32\KERNEL32.DLL
0x00007ff994f60000 - 0x00007ff995333000 	C:\WINDOWS\System32\KERNELBASE.dll
0x00007ff990a10000 - 0x00007ff990aa7000 	C:\WINDOWS\SYSTEM32\apphelp.dll
0x00007ff994cd0000 - 0x00007ff994de1000 	C:\WINDOWS\System32\ucrtbase.dll
0x00007ff978560000 - 0x00007ff97857b000 	C:\Program Files\Java\jdk-21\bin\VCRUNTIME140.dll
0x00007ff978580000 - 0x00007ff978598000 	C:\Program Files\Java\jdk-21\bin\jli.dll
0x00007ff997170000 - 0x00007ff997322000 	C:\WINDOWS\System32\USER32.dll
0x00007ff9953c0000 - 0x00007ff9953e6000 	C:\WINDOWS\System32\win32u.dll
0x00007ff95d940000 - 0x00007ff95dbdc000 	C:\WINDOWS\WinSxS\amd64_microsoft.windows.common-controls_6595b64144ccf1df_6.0.22621.6060_none_2712eda17382d24b\COMCTL32.dll
0x00007ff996b30000 - 0x00007ff996b59000 	C:\WINDOWS\System32\GDI32.dll
0x00007ff996ff0000 - 0x00007ff997097000 	C:\WINDOWS\System32\msvcrt.dll
0x00007ff9953f0000 - 0x00007ff99550b000 	C:\WINDOWS\System32\gdi32full.dll
0x00007ff994bb0000 - 0x00007ff994c4a000 	C:\WINDOWS\System32\msvcp_win.dll
0x00007ff995860000 - 0x00007ff995891000 	C:\WINDOWS\System32\IMM32.DLL
0x00007ff979880000 - 0x00007ff97988c000 	C:\Program Files\Java\jdk-21\bin\vcruntime140_1.dll
0x00007ff9738a0000 - 0x00007ff97392e000 	C:\Program Files\Java\jdk-21\bin\msvcp140.dll
0x00007ff8ac9f0000 - 0x00007ff8ad703000 	C:\Program Files\Java\jdk-21\bin\server\jvm.dll
0x00007ff996950000 - 0x00007ff996a01000 	C:\WINDOWS\System32\ADVAPI32.dll
0x00007ff995650000 - 0x00007ff9956f8000 	C:\WINDOWS\System32\sechost.dll
0x00007ff994ac0000 - 0x00007ff994ae8000 	C:\WINDOWS\System32\bcrypt.dll
0x00007ff996a10000 - 0x00007ff996b28000 	C:\WINDOWS\System32\RPCRT4.dll
0x00007ff995f20000 - 0x00007ff995f91000 	C:\WINDOWS\System32\WS2_32.dll
0x00007ff994990000 - 0x00007ff9949dd000 	C:\WINDOWS\SYSTEM32\POWRPROF.dll
0x00007ff98d020000 - 0x00007ff98d02a000 	C:\WINDOWS\SYSTEM32\VERSION.dll
0x00007ff98ded0000 - 0x00007ff98df04000 	C:\WINDOWS\SYSTEM32\WINMM.dll
0x00007ff994970000 - 0x00007ff994983000 	C:\WINDOWS\SYSTEM32\UMPDC.dll
0x00007ff993a60000 - 0x00007ff993a78000 	C:\WINDOWS\SYSTEM32\kernel.appcore.dll
0x00007ff9789b0000 - 0x00007ff9789ba000 	C:\Program Files\Java\jdk-21\bin\jimage.dll
0x00007ff991e70000 - 0x00007ff9920a3000 	C:\WINDOWS\SYSTEM32\DBGHELP.DLL
0x00007ff995a60000 - 0x00007ff995df1000 	C:\WINDOWS\System32\combase.dll
0x00007ff996bd0000 - 0x00007ff996ca8000 	C:\WINDOWS\System32\OLEAUT32.dll
0x00007ff97ce60000 - 0x00007ff97ce92000 	C:\WINDOWS\SYSTEM32\dbgcore.DLL
0x00007ff994c50000 - 0x00007ff994ccb000 	C:\WINDOWS\System32\bcryptPrimitives.dll
0x00007ff9783f0000 - 0x00007ff97840f000 	C:\Program Files\Java\jdk-21\bin\java.dll
0x00007ff995fa0000 - 0x00007ff99683c000 	C:\WINDOWS\System32\SHELL32.dll
0x00007ff995510000 - 0x00007ff99564f000 	C:\WINDOWS\System32\wintypes.dll
0x00007ff992970000 - 0x00007ff99328a000 	C:\WINDOWS\SYSTEM32\windows.storage.dll
0x00007ff997370000 - 0x00007ff997474000 	C:\WINDOWS\System32\SHCORE.dll
0x00007ff996b60000 - 0x00007ff996bc9000 	C:\WINDOWS\System32\shlwapi.dll
0x00007ff9949f0000 - 0x00007ff994a15000 	C:\WINDOWS\SYSTEM32\profapi.dll
0x00007ff9721b0000 - 0x00007ff972287000 	C:\Program Files\Java\jdk-21\bin\jsvml.dll
0x00007ff976820000 - 0x00007ff976830000 	C:\Program Files\Java\jdk-21\bin\net.dll
0x00007ff98daf0000 - 0x00007ff98dc1c000 	C:\WINDOWS\SYSTEM32\WINHTTP.dll
0x00007ff993f30000 - 0x00007ff993f99000 	C:\WINDOWS\system32\mswsock.dll
0x00007ff9763b0000 - 0x00007ff9763c6000 	C:\Program Files\Java\jdk-21\bin\nio.dll
0x00007ff975d30000 - 0x00007ff975d48000 	C:\Program Files\Java\jdk-21\bin\zip.dll
0x00007ff9941b0000 - 0x00007ff9941cb000 	C:\WINDOWS\SYSTEM32\CRYPTSP.dll
0x00007ff9939c0000 - 0x00007ff9939f7000 	C:\WINDOWS\system32\rsaenh.dll
0x00007ff994050000 - 0x00007ff994078000 	C:\WINDOWS\SYSTEM32\USERENV.dll
0x00007ff9941d0000 - 0x00007ff9941dc000 	C:\WINDOWS\SYSTEM32\CRYPTBASE.dll
0x00007ff9934f0000 - 0x00007ff99351d000 	C:\WINDOWS\SYSTEM32\IPHLPAPI.DLL
0x00007ff996cb0000 - 0x00007ff996cb9000 	C:\WINDOWS\System32\NSI.dll
0x00007ff9764e0000 - 0x00007ff9764f0000 	C:\Program Files\Java\jdk-21\bin\verify.dll
0x00007ff971f00000 - 0x00007ff971fe9000 	C:\Users\notai\AppData\Local\Temp\sqlite-3.41.2.1-3e0b8328-1a61-46c9-848c-617a36259fb8-sqlitejdbc.dll

dbghelp: loaded successfully - version: 4.0.5 - missing functions: none
symbol engine: initialized successfully - sym options: 0x614 - pdb path: .;C:\Program Files\Java\jdk-21\bin;C:\WINDOWS\SYSTEM32;C:\WINDOWS\WinSxS\amd64_microsoft.windows.common-controls_6595b64144ccf1df_6.0.22621.6060_none_2712eda17382d24b;C:\Program Files\Java\jdk-21\bin\server;C:\Users\notai\AppData\Local\Temp

VM Arguments:
jvm_args: -DkotlinLanguageServer.version=1.3.13 
java_command: org.javacs.kt.MainKt
java_class_path (initial): c:\Users\notai\AppData\Roaming\Code\User\globalStorage\fwcd.kotlin\langServerInstall\server\lib\server-1.3.13.jar;c:\Users\notai\AppData\Roaming\Code\User\globalStorage\fwcd.kotlin\langServerInstall\server\lib\shared-1.3.13.jar;c:\Users\notai\AppData\Roaming\Code\User\globalStorage\fwcd.kotlin\langServerInstall\server\lib\kotlin-scripting-jvm-host-unshaded-2.1.0.jar;c:\Users\notai\AppData\Roaming\Code\User\globalStorage\fwcd.kotlin\langServerInstall\server\lib\kotlin-scripting-compiler-2.1.0.jar;c:\Users\notai\AppData\Roaming\Code\User\globalStorage\fwcd.kotlin\langServerInstall\server\lib\ktfmt-b5d31d1.jar;c:\Users\notai\AppData\Roaming\Code\User\globalStorage\fwcd.kotlin\langServerInstall\server\lib\kotlin-compiler-2.1.0.jar;c:\Users\notai\AppData\Roaming\Code\User\globalStorage\fwcd.kotlin\langServerInstall\server\lib\exposed-dao-0.37.3.jar;c:\Users\notai\AppData\Roaming\Code\User\globalStorage\fwcd.kotlin\langServerInstall\server\lib\exposed-jdbc-0.37.3.jar;c:\Users\notai\AppData\Roaming\Code\User\globalStorage\fwcd.kotlin\langServerInstall\server\lib\exposed-core-0.37.3.jar;c:\Users\notai\AppData\Roaming\Code\User\globalStorage\fwcd.kotlin\langServerInstall\server\lib\kotlin-scripting-compiler-impl-2.1.0.jar;c:\Users\notai\AppData\Roaming\Code\User\globalStorage\fwcd.kotlin\langServerInstall\server\lib\kotlin-reflect-2.1.0.jar;c:\Users\notai\AppData\Roaming\Code\User\globalStorage\fwcd.kotlin\langServerInstall\server\lib\kotlin-scripting-jvm-2.1.0.jar;c:\Users\notai\AppData\Roaming\Code\User\globalStorage\fwcd.kotlin\langServerInstall\server\lib\kotlin-scripting-common-2.1.0.jar;c:\Users\notai\AppData\Roaming\Code\User\globalStorage\fwcd.kotlin\langServerInstall\server\lib\kotlinx-coroutines-core-jvm-1.6.4.jar;c:\Users\notai\AppData\Roaming\Code\User\globalStorage\fwcd.kotlin\langServerInstall\server\lib\kotlin-stdlib-jdk8-2.1.0.jar;c:\Users\notai\AppData\Roaming\Code\User\globalStorage\fwcd.kotlin\langServerInstall\server\lib\kotlin-stdlib-jdk7-2.1.0.jar;c:\Users\notai\AppData\Roaming\Code\User\globalStorage\fwcd.kotlin\langServerInstall\server\lib\kotlin-stdlib-2.1.0.jar;c:\Users\notai\AppData\Roaming\Code\User\globalStorage\fwcd.kotlin\langServerInstall\server\lib\org.eclipse.lsp4j-0.21.2.jar;c:\Users\notai\AppData\Roaming\Code\User\globalStorage\fwcd.kotlin\langServerInstall\server\lib\org.eclipse.lsp4j.jsonrpc-0.21.2.jar;c:\Users\notai\AppData\Roaming\Code\User\globalStorage\fwcd.kotlin\langServerInstall\server\lib\kotlin-sam-with-receiver-compiler-plugin-2.1.0.jar;c:\Users\notai\AppData\Roaming\Code\User\globalStorage\fwcd.kotlin\langServerInstall\server\lib\fernflower-1.0.jar;c:\Users\notai\AppData\Roaming\Code\User\globalStorage\fwcd.kotlin\langServerInstall\server\lib\h2-1.4.200.jar;c:\Users\notai\AppData\Roaming\Code\User\globalStorage\fwcd.kotlin\langServerInstall\server\lib\jcommander-1.78.jar;c:\Users\notai\AppData\Roaming\Code\User\globalStorage\fwcd.kotlin\langServerInstall\server\lib\sqlite-jdbc-3.41.2.1.jar;c:\Users\notai\AppData\Roaming\Code\User\globalStorage\fwcd.kotlin\langServerInstall\server\lib\google-java-format-1.8.jar;c:\Users\notai\AppData\Roaming\Code\User\globalStorage\fwcd.kotlin\langServerInstall\server\lib\guava-33.3.0-jre.jar;c:\Users\notai\AppData\Roaming\Code\User\globalStorage\fwcd.kotlin\langServerInstall\server\lib\annotations-13.0.jar;c:\Users\notai\AppData\Roaming\Code\User\globalStorage\fwcd.kotlin\langServerInstall\server\lib\gson-2.10.1.jar;c:\Users\notai\AppData\Roaming\Code\User\globalStorage\fwcd.kotlin\langServerInstall\server\lib\kotlin-script-runtime-2.1.0.jar;c:\Users\notai\AppData\Roaming\Code\User\globalStorage\fwcd.kotlin\langServerInstall\server\lib\trove4j-1.0.20200330.jar;c:\Users\notai\AppData\Roaming\Code\User\globalStorage\fwcd.kotlin\langServerInstall\server\lib\jline-3.24.1.jar;c:\Users\notai\AppData\Roaming\Code\User\globalStorage\fwcd.kotlin\langServerInstall\server\lib\slf4j-api-1.7.25.jar;c:\Users\notai\AppData\Roaming\Code\User\globalStorage\fwcd.kotlin\langServerInstall\server\lib\jna-4.2.2.jar;c:\Users\notai\AppData\Roaming\Code\User\globalStorage\fwcd.kotlin\langServerInstall\server\lib\failureaccess-1.0.2.jar;c:\Users\notai\AppData\Roaming\Code\User\globalStorage\fwcd.kotlin\langServerInstall\server\lib\listenablefuture-9999.0-empty-to-avoid-conflict-with-guava.jar;c:\Users\notai\AppData\Roaming\Code\User\globalStorage\fwcd.kotlin\langServerInstall\server\lib\jsr305-3.0.2.jar;c:\Users\notai\AppData\Roaming\Code\User\globalStorage\fwcd.kotlin\langServerInstall\server\lib\checker-qual-3.43.0.jar;c:\Users\notai\AppData\Roaming\Code\User\globalStorage\fwcd.kotlin\langServerInstall\server\lib\error_prone_annotations-2.28.0.jar
Launcher Type: SUN_STANDARD

[Global flags]
     intx CICompilerCount                          = 4                                         {product} {ergonomic}
     uint ConcGCThreads                            = 2                                         {product} {ergonomic}
     uint G1ConcRefinementThreads                  = 8                                         {product} {ergonomic}
   size_t G1HeapRegionSize                         = 4194304                                   {product} {ergonomic}
    uintx GCDrainStackTargetSize                   = 64                                        {product} {ergonomic}
   size_t InitialHeapSize                          = 532676608                                 {product} {ergonomic}
   size_t MarkStackSize                            = 4194304                                   {product} {ergonomic}
   size_t MaxHeapSize                              = 8510242816                                {product} {ergonomic}
   size_t MaxNewSize                               = 5104467968                                {product} {ergonomic}
   size_t MinHeapDeltaBytes                        = 4194304                                   {product} {ergonomic}
   size_t MinHeapSize                              = 8388608                                   {product} {ergonomic}
    uintx NonNMethodCodeHeapSize                   = 5839372                                {pd product} {ergonomic}
    uintx NonProfiledCodeHeapSize                  = 122909434                              {pd product} {ergonomic}
    uintx ProfiledCodeHeapSize                     = 122909434                              {pd product} {ergonomic}
    uintx ReservedCodeCacheSize                    = 251658240                              {pd product} {ergonomic}
     bool SegmentedCodeCache                       = true                                      {product} {ergonomic}
   size_t SoftMaxHeapSize                          = 8510242816                             {manageable} {ergonomic}
     bool UseCompressedOops                        = true                           {product lp64_product} {ergonomic}
     bool UseG1GC                                  = true                                      {product} {ergonomic}
     bool UseLargePagesIndividualAllocation        = false                                  {pd product} {ergonomic}

Logging:
Log output configuration:
 #0: stdout all=warning uptime,level,tags foldmultilines=false
 #1: stderr all=off uptime,level,tags foldmultilines=false

Environment Variables:
JAVA_HOME=C:\Program Files\Java\jdk-21
CLASSPATH=c:\Users\notai\AppData\Roaming\Code\User\globalStorage\fwcd.kotlin\langServerInstall\server\lib\server-1.3.13.jar;c:\Users\notai\AppData\Roaming\Code\User\globalStorage\fwcd.kotlin\langServerInstall\server\lib\shared-1.3.13.jar;c:\Users\notai\AppData\Roaming\Code\User\globalStorage\fwcd.kotlin\langServerInstall\server\lib\kotlin-scripting-jvm-host-unshaded-2.1.0.jar;c:\Users\notai\AppData\Roaming\Code\User\globalStorage\fwcd.kotlin\langServerInstall\server\lib\kotlin-scripting-compiler-2.1.0.jar;c:\Users\notai\AppData\Roaming\Code\User\globalStorage\fwcd.kotlin\langServerInstall\server\lib\ktfmt-b5d31d1.jar;c:\Users\notai\AppData\Roaming\Code\User\globalStorage\fwcd.kotlin\langServerInstall\server\lib\kotlin-compiler-2.1.0.jar;c:\Users\notai\AppData\Roaming\Code\User\globalStorage\fwcd.kotlin\langServerInstall\server\lib\exposed-dao-0.37.3.jar;c:\Users\notai\AppData\Roaming\Code\User\globalStorage\fwcd.kotlin\langServerInstall\server\lib\exposed-jdbc-0.37.3.jar;c:\Users\notai\AppData\Roaming\Code\User\globalStorage\fwcd.kotlin\langServerInstall\server\lib\exposed-core-0.37.3.jar;c:\Users\notai\AppData\Roaming\Code\User\globalStorage\fwcd.kotlin\langServerInstall\server\lib\kotlin-scripting-compiler-impl-2.1.0.jar;c:\Users\notai\AppData\Roaming\Code\User\globalStorage\fwcd.kotlin\langServerInstall\server\lib\kotlin-reflect-2.1.0.jar;c:\Users\notai\AppData\Roaming\Code\User\globalStorage\fwcd.kotlin\langServerInstall\server\lib\kotlin-scripting-jvm-2.1.0.jar;c:\Users\notai\AppData\Roaming\Code\User\globalStorage\fwcd.kotlin\langServerInstall\server\lib\kotlin-scripting-common-2.1.0.jar;c:\Users\notai\AppData\Roaming\Code\User\globalStorage\fwcd.kotlin\langServerInstall\server\lib\kotlinx-coroutines-core-jvm-1.6.4.jar;c:\Users\notai\AppData\Roaming\Code\User\globalStorage\fwcd.kotlin\langServerInstall\server\lib\kotlin-stdlib-jdk8-2.1.0.jar;c:\Users\notai\AppData\Roaming\Code\User\globalStorage\fwcd.kotlin\langServerInstall\server\lib\kotlin-stdlib-jdk7-2.1.0.jar;c:\Users\notai\AppData\Roaming\Code\User\globalStorage\fwcd.kotlin\langServerInstall\server\lib\kotlin-stdlib-2.1.0.jar;c:\Users\notai\AppData\Roaming\Code\User\globalStorage\fwcd.kotlin\langServerInstall\server\lib\org.eclipse.lsp4j-0.21.2.jar;c:\Users\notai\AppData\Roaming\Code\User\globalStorage\fwcd.kotlin\langServerInstall\server\lib\org.eclipse.lsp4j.jsonrpc-0.21.2.jar;c:\Users\notai\AppData\Roaming\Code\User\globalStorage\fwcd.kotlin\langServerInstall\server\lib\kotlin-sam-with-receiver-compiler-plugin-2.1.0.jar;c:\Users\notai\AppData\Roaming\Code\User\globalStorage\fwcd.kotlin\langServerInstall\server\lib\fernflower-1.0.jar;c:\Users\notai\AppData\Roaming\Code\User\globalStorage\fwcd.kotlin\langServerInstall\server\lib\h2-1.4.200.jar;c:\Users\notai\AppData\Roaming\Code\User\globalStorage\fwcd.kotlin\langServerInstall\server\lib\jcommander-1.78.jar;c:\Users\notai\AppData\Roaming\Code\User\globalStorage\fwcd.kotlin\langServerInstall\server\lib\sqlite-jdbc-3.41.2.1.jar;c:\Users\notai\AppData\Roaming\Code\User\globalStorage\fwcd.kotlin\langServerInstall\server\lib\google-java-format-1.8.jar;c:\Users\notai\AppData\Roaming\Code\User\globalStorage\fwcd.kotlin\langServerInstall\server\lib\guava-33.3.0-jre.jar;c:\Users\notai\AppData\Roaming\Code\User\globalStorage\fwcd.kotlin\langServerInstall\server\lib\annotations-13.0.jar;c:\Users\notai\AppData\Roaming\Code\User\globalStorage\fwcd.kotlin\langServerInstall\server\lib\gson-2.10.1.jar;c:\Users\notai\AppData\Roaming\Code\User\globalStorage\fwcd.kotlin\langServerInstall\server\lib\kotlin-script-runtime-2.1.0.jar;c:\Users\notai\AppData\Roaming\Code\User\globalStorage\fwcd.kotlin\langServerInstall\server\lib\trove4j-1.0.20200330.jar;c:\Users\notai\AppData\Roaming\Code\User\globalStorage\fwcd.kotlin\langServerInstall\server\lib\jline-3.24.1.jar;c:\Users\notai\AppData\Roaming\Code\User\globalStorage\fwcd.kotlin\langServerInstall\server\lib\slf4j-api-1.7.25.jar;c:\Users\notai\AppData\Roaming\Code\User\globalStorage\fwcd.kotlin\langServerInstall\server\lib\jna-4.2.2.jar;c:\Users\notai\AppData\Roaming\Code\User\globalStorage\fwcd.kotlin\langServerInstall\server\lib\failureaccess-1.0.2.jar;c:\Users\notai\AppData\Roaming\Code\User\globalStorage\fwcd.kotlin\langServerInstall\server\lib\listenablefuture-9999.0-empty-to-avoid-conflict-with-guava.jar;c:\Users\notai\AppData\Roaming\Code\User\globalStorage\fwcd.kotlin\langServerInstall\server\lib\jsr305-3.0.2.jar;c:\Users\notai\AppData\Roaming\Code\User\globalStorage\fwcd.kotlin\langServerInstall\server\lib\checker-qual-3.43.0.jar;c:\Users\notai\AppData\Roaming\Code\User\globalStorage\fwcd.kotlin\langServerInstall\server\lib\error_prone_annotations-2.28.0.jar
PATH=C:\Users\notai\AppData\Local\Programs\Microsoft VS Code;C:\Program Files (x86)\Common Files\Intel\Shared Libraries\redist\intel64\compiler;C:\Program Files\Java\jdk-21\bin;C:\Program Files\Java\jdk-17\bin;C:\Program Files\Common Files\Oracle\Java\javapath;C:\Program Files (x86)\Common Files\Oracle\Java\java8path;C:\Program Files (x86)\Common Files\Oracle\Java\javapath;C:\Program Files (x86)\Microsoft SDKs\Azure\CLI2\wbin;C:\Program Files (x86)\Common Files\Intel\Shared Files\cpp\bin\Intel64;C:\WINDOWS\system32;C:\WINDOWS;C:\WINDOWS\System32\Wbem;C:\WINDOWS\System32\WindowsPowerShell\v1.0\;C:\WINDOWS\System32\OpenSSH\;C:\Program Files\Microsoft SQL Server\Client SDK\ODBC\130\Tools\Binn\;C:\Program Files (x86)\Microsoft SQL Server\140\Tools\Binn\;C:\Program Files\Microsoft SQL Server\140\Tools\Binn\;C:\Program Files\Microsoft SQL Server\140\DTS\Binn\;C:\Program Files (x86)\HP\IdrsOCR_15.2.10.1114\;C:\Program Files\dotnet\;C:\Program Files\Git LFS;C:\Program Files\Microsoft SQL Server\Client SDK\ODBC\170\Tools\Binn\;C:\Program Files (x86)\Microsoft SQL Server\150\Tools\Binn\;C:\Program Files\Microsoft SQL Server\150\Tools\Binn\;C:\Program Files\Microsoft SQL Server\150\DTS\Binn\;C:\Program Files (x86)\QuickTime\QTSystem\;C:\Program Files\Git\cmd;C:\Program Files\HP\Common\HPDestPlgIn\;C:\Program Files (x86)\HP\Common\HPDestPlgIn\;C:\Program Files\nodejs\;C:\Users\notai\platform-tools;D:\Users\notai\AppData\Local\pnpm;C:\Users\notai\AppData\Local\Programs\Python\Python312\Scripts\;C:\Users\notai\AppData\Local\Programs\Python\Python312\;C:\Users\notai\AppData\Local\Programs\Python\Python311\Scripts;C:\Users\notai\AppData\Local\Programs\Python\Python311;C:\Users\notai\AppData\Roaming\Python\Python311\Scripts;C:\Python310\Scripts\;C:\Python310\;C:\Users\notai\AppData\Local\Programs\Python\Python310\Scripts\;C:\Users\notai\AppData\Local\Programs\Python\Python310\;C:\Users\notai\AppData\Local\Packages\PythonSoftwareFoundation.Python.3.9_qbz5n2kfra8p0\LocalCache\local-packages\Python39\Scripts;C:\Users\notai\AppData\Local\Microsoft\WindowsApps;C:\Users\notai\AppData\Local\Programs\Microsoft VS Code\bin;C:\Users\notai\.dotnet\tools;C:\Users\notai\AppData\Local\GitHubDesktop\bin;C:\Program Files\JetBrains\PyCharm Community Edition 2022.3\bin;C:\Program Files\heroku\bin;C:\Program Files\Azure Data Studio\bin;C:\Users\notai\Downloads\flutter\bin;C:\Users\notai\AppData\Local\Google\Cloud SDK\google-cloud-sdk\bin;C:\Users\notai\AppData\Local\JetBrains\Toolbox\scripts;C:\Program Files\JetBrains\PyCharm Community Edition 2024.1.2\bin;;E:\Program Files\JetBrains\IntelliJ IDEA Community Edition 2024.3.4.1\bin;;C:\Program Files\Azure Data Studio\bin;C:\Program Files\HP\Common\HPDestPlgIn\;C:\Program Files (x86)\HP\Common\HPDestPlgIn\;C:\Users\notai\AppData\Roaming\npm;C:\apache-maven-3.9.9\bin;D:\android\cmdline-tools\latest\bin;D:\android\platform-tools;C:\Users\notai\AppData\Local\Python\bin
USERNAME=notai
OS=Windows_NT
PROCESSOR_IDENTIFIER=Intel64 Family 6 Model 126 Stepping 5, GenuineIntel
TMP=C:\Users\notai\AppData\Local\Temp
TEMP=C:\Users\notai\AppData\Local\Temp




---------------  S Y S T E M  ---------------

OS:
 Windows 11 , 64 bit Build 22621 (10.0.22621.5415)
OS uptime: 1 days 21:30 hours
Hyper-V role detected

CPU: total 8 (initial active 8) (4 cores per cpu, 2 threads per core) family 6 model 126 stepping 5 microcode 0xca, cx8, cmov, fxsr, ht, mmx, 3dnowpref, sse, sse2, sse3, ssse3, sse4.1, sse4.2, popcnt, lzcnt, tsc, tscinvbit, avx, avx2, aes, erms, clmul, bmi1, bmi2, adx, avx512f, avx512dq, avx512cd, avx512bw, avx512vl, sha, fma, vzeroupper, avx512_vpopcntdq, avx512_vpclmulqdq, avx512_vaes, avx512_vnni, clflush, clflushopt, avx512_vbmi2, avx512_vbmi, hv, rdtscp, rdpid, fsrm, gfni, avx512_bitalg, f16c, avx512_ifma
Processor Information for all 8 processors :
  Max Mhz: 1201, Current Mhz: 1201, Mhz Limit: 1201

Memory: 4k page, system-wide physical 32455M (11285M free)
TotalPageFile size 32455M (AvailPageFile size 110M)
current process WorkingSet (physical memory assigned to process): 752M, peak: 754M
current process commit charge ("private bytes"): 760M, peak: 1032M

vm_info: OpenJDK 64-Bit Server VM (21+35-2513) for windows-amd64 JRE (21+35-2513), built on 2023-08-09T20:25:10Z by "mach5one" with MS VC++ 17.1 (VS2022)

END.
