#
# There is insufficient memory for the Java Runtime Environment to continue.
# Native memory allocation (mmap) failed to map 130023424 bytes for G1 virtual space
# Possible reasons:
#   The system is out of physical RAM or swap space
#   The process is running with CompressedOops enabled, and the Java Heap may be blocking the growth of the native heap
# Possible solutions:
#   Reduce memory load on the system
#   Increase physical memory or swap space
#   Check if swap backing store is full
#   Decrease Java heap size (-Xmx/-Xms)
#   Decrease number of Java threads
#   Decrease Java thread stack sizes (-Xss)
#   Set larger code cache with -XX:ReservedCodeCacheSize=
#   JVM is running with Zero Based Compressed Oops mode in which the Java heap is
#     placed in the first 32GB address space. The Java Heap base address is the
#     maximum limit for the native heap growth. Please use -XX:HeapBaseMinAddress
#     to set the Java Heap base and to place the Java Heap above 32GB virtual address.
# This output file may be truncated or incomplete.
#
#  Out of Memory Error (os_windows.cpp:3600), pid=31348, tid=11928
#
# JRE version: OpenJDK Runtime Environment (21.0+35) (build 21+35-2513)
# Java VM: OpenJDK 64-Bit Server VM (21+35-2513, mixed mode, sharing, tiered, compressed oops, compressed class ptrs, g1 gc, windows-amd64)
# No core dump will be written. Minidumps are not enabled by default on client versions of Windows
#

---------------  S U M M A R Y ------------

Command Line: -DkotlinLanguageServer.version=1.3.13 org.javacs.kt.MainKt

Host: Intel(R) Core(TM) i5-1035G1 CPU @ 1.00GHz, 8 cores, 31G,  Windows 11 , 64 bit Build 22621 (10.0.22621.5415)
Time: Tue May 26 18:41:59 2026 W. Central Africa Standard Time elapsed time: 152.335731 seconds (0d 0h 2m 32s)

---------------  T H R E A D  ---------------

Current thread (0x0000020c7de515d0):  VMThread "VM Thread"          [id=11928, stack(0x000000965c600000,0x000000965c700000) (1024K)]

Stack: [0x000000965c600000,0x000000965c700000]
Native frames: (J=compiled Java code, j=interpreted, Vv=VM code, C=native code)
V  [jvm.dll+0x6c8d39]
V  [jvm.dll+0x854091]
V  [jvm.dll+0x85630e]
V  [jvm.dll+0x8569e3]
V  [jvm.dll+0x2809a6]
V  [jvm.dll+0x6c5425]
V  [jvm.dll+0x6b9e1a]
V  [jvm.dll+0x3555ba]
V  [jvm.dll+0x35d206]
V  [jvm.dll+0x3adf6e]
V  [jvm.dll+0x3ae218]
V  [jvm.dll+0x328fcc]
V  [jvm.dll+0x329057]
V  [jvm.dll+0x36d90c]
V  [jvm.dll+0x36c10d]
V  [jvm.dll+0x328741]
V  [jvm.dll+0x36b81a]
V  [jvm.dll+0x85c4e8]
V  [jvm.dll+0x85d5e4]
V  [jvm.dll+0x85db20]
V  [jvm.dll+0x85ddc3]
V  [jvm.dll+0x7fd2c8]
V  [jvm.dll+0x6c748d]
C  [ucrtbase.dll+0x29333]
C  [KERNEL32.DLL+0x1259d]
C  [ntdll.dll+0x5af78]

VM_Operation (0x000000965ddfd500): G1CollectForAllocation, mode: safepoint, requested by thread 0x0000020c60dfec30


---------------  P R O C E S S  ---------------

Threads class SMR info:
_java_thread_list=0x0000020c6197bcf0, length=19, elements={
0x0000020c0f8bcc20, 0x0000020c0f8bdc30, 0x0000020c0f8c0100, 0x0000020c0f8c5d10,
0x0000020c0f8c6ec0, 0x0000020c0f8c8c30, 0x0000020c0f8d7630, 0x0000020c0f8fa370,
0x0000020c0fa8d850, 0x0000020c0fa922f0, 0x0000020c60606900, 0x0000020c694898f0,
0x0000020c56709830, 0x0000020c0f98cba0, 0x0000020c56130730, 0x0000020c55797070,
0x0000020c60a22c70, 0x0000020c60dfb120, 0x0000020c60dfec30
}

Java Threads: ( => current thread )
  0x0000020c0f8bcc20 JavaThread "Reference Handler"          daemon [_thread_blocked, id=5804, stack(0x000000965c700000,0x000000965c800000) (1024K)]
  0x0000020c0f8bdc30 JavaThread "Finalizer"                  daemon [_thread_blocked, id=24664, stack(0x000000965c800000,0x000000965c900000) (1024K)]
  0x0000020c0f8c0100 JavaThread "Signal Dispatcher"          daemon [_thread_blocked, id=33780, stack(0x000000965c900000,0x000000965ca00000) (1024K)]
  0x0000020c0f8c5d10 JavaThread "Attach Listener"            daemon [_thread_blocked, id=11008, stack(0x000000965ca00000,0x000000965cb00000) (1024K)]
  0x0000020c0f8c6ec0 JavaThread "Service Thread"             daemon [_thread_blocked, id=28120, stack(0x000000965cb00000,0x000000965cc00000) (1024K)]
  0x0000020c0f8c8c30 JavaThread "Monitor Deflation Thread"   daemon [_thread_blocked, id=14136, stack(0x000000965cc00000,0x000000965cd00000) (1024K)]
  0x0000020c0f8d7630 JavaThread "C2 CompilerThread0"         daemon [_thread_in_native, id=31484, stack(0x000000965cd00000,0x000000965ce00000) (1024K)]
  0x0000020c0f8fa370 JavaThread "C1 CompilerThread0"         daemon [_thread_blocked, id=10580, stack(0x000000965ce00000,0x000000965cf00000) (1024K)]
  0x0000020c0fa8d850 JavaThread "Notification Thread"        daemon [_thread_blocked, id=8496, stack(0x000000965cf00000,0x000000965d000000) (1024K)]
  0x0000020c0fa922f0 JavaThread "Common-Cleaner"             daemon [_thread_blocked, id=19352, stack(0x000000965d000000,0x000000965d100000) (1024K)]
  0x0000020c60606900 JavaThread "client"                            [_thread_in_native, id=9544, stack(0x000000965db00000,0x000000965dc00000) (1024K)]
  0x0000020c694898f0 JavaThread "DestroyJavaVM"                     [_thread_blocked, id=21364, stack(0x000000965bf00000,0x000000965c000000) (1024K)]
  0x0000020c56709830 JavaThread "async0"                            [_thread_blocked, id=11072, stack(0x000000965d900000,0x000000965da00000) (1024K)]
  0x0000020c0f98cba0 JavaThread "async1"                            [_thread_blocked, id=2176, stack(0x000000965bc00000,0x000000965bd00000) (1024K)]
  0x0000020c56130730 JavaThread "debounce0"                         [_thread_blocked, id=2320, stack(0x000000965bd00000,0x000000965be00000) (1024K)]
  0x0000020c55797070 JavaThread "C2 CompilerThread1"         daemon [_thread_in_native, id=18792, stack(0x000000965be00000,0x000000965bf00000) (1024K)]
  0x0000020c60a22c70 JavaThread "C2 CompilerThread2"         daemon [_thread_blocked, id=29048, stack(0x000000965d100000,0x000000965d200000) (1024K)]
  0x0000020c60dfb120 JavaThread "async2"                            [_thread_blocked, id=27720, stack(0x000000965dc00000,0x000000965dd00000) (1024K)]
  0x0000020c60dfec30 JavaThread "ForkJoinPool.commonPool-worker-1" daemon [_thread_blocked, id=30584, stack(0x000000965dd00000,0x000000965de00000) (1024K)]
Total: 19

Other Threads:
=>0x0000020c7de515d0 VMThread "VM Thread"                           [id=11928, stack(0x000000965c600000,0x000000965c700000) (1024K)]
  0x0000020c7de390c0 WatcherThread "VM Periodic Task Thread"        [id=26764, stack(0x000000965c500000,0x000000965c600000) (1024K)]
  0x0000020c7dc63ff0 WorkerThread "GC Thread#0"                     [id=32240, stack(0x000000965c000000,0x000000965c100000) (1024K)]
  0x0000020c556d4710 WorkerThread "GC Thread#1"                     [id=29892, stack(0x000000965d200000,0x000000965d300000) (1024K)]
  0x0000020c555ce160 WorkerThread "GC Thread#2"                     [id=31096, stack(0x000000965d300000,0x000000965d400000) (1024K)]
  0x0000020c556e59b0 WorkerThread "GC Thread#3"                     [id=31576, stack(0x000000965d400000,0x000000965d500000) (1024K)]
  0x0000020c556e5d50 WorkerThread "GC Thread#4"                     [id=8148, stack(0x000000965d500000,0x000000965d600000) (1024K)]
  0x0000020c558ea3c0 WorkerThread "GC Thread#5"                     [id=1456, stack(0x000000965d600000,0x000000965d700000) (1024K)]
  0x0000020c558ea760 WorkerThread "GC Thread#6"                     [id=15200, stack(0x000000965d700000,0x000000965d800000) (1024K)]
  0x0000020c558eab00 WorkerThread "GC Thread#7"                     [id=15284, stack(0x000000965d800000,0x000000965d900000) (1024K)]
  0x0000020c6b71d7b0 ConcurrentGCThread "G1 Main Marker"            [id=2664, stack(0x000000965c100000,0x000000965c200000) (1024K)]
  0x0000020c6b71e270 WorkerThread "G1 Conc#0"                       [id=28024, stack(0x000000965c200000,0x000000965c300000) (1024K)]
  0x0000020c55c15e30 WorkerThread "G1 Conc#1"                       [id=32360, stack(0x000000965da00000,0x000000965db00000) (1024K)]
  0x0000020c7dd0c7d0 ConcurrentGCThread "G1 Refine#0"               [id=28892, stack(0x000000965c300000,0x000000965c400000) (1024K)]
  0x0000020c7dd0d340 ConcurrentGCThread "G1 Service"                [id=21620, stack(0x000000965c400000,0x000000965c500000) (1024K)]
Total: 15

Threads with active compile tasks:
C2 CompilerThread0   152373 8216   !   4       org.jetbrains.exposed.dao.EntityClass::new (436 bytes)
C2 CompilerThread1   152373 8225       4       com.intellij.core.CoreJavaFileManager::getPackage (97 bytes)
C2 CompilerThread2   152373 8249       4       org.jetbrains.kotlin.descriptors.impl.AbstractClassDescriptor::<init> (80 bytes)
Total: 3

VM state: at safepoint (normal execution)

VM Mutex/Monitor currently owned by a thread:  ([mutex/lock_event])
[0x00007ff8ad628548] Threads_lock - owner thread: 0x0000020c7de515d0
[0x00007ff8ad628648] Heap_lock - owner thread: 0x0000020c60dfec30

Heap address: 0x0000000604c00000, size: 8116 MB, Compressed Oops mode: Zero based, Oop shift amount: 3

CDS archive(s) mapped at: [0x0000020c10000000-0x0000020c10c90000-0x0000020c10c90000), size 13172736, SharedBaseAddress: 0x0000020c10000000, ArchiveRelocationMode: 1.
Compressed class space mapped at: 0x0000020c11000000-0x0000020c51000000, reserved size: 1073741824
Narrow klass base: 0x0000020c10000000, Narrow klass shift: 0, Narrow klass range: 0x100000000

GC Precious Log:
 CardTable entry size: 512
 Card Set container configuration: InlinePtr #cards 4 size 8 Array Of Cards #cards 32 size 80 Howl #buckets 8 coarsen threshold 7372 Howl Bitmap #cards 1024 size 144 coarsen threshold 921 Card regions per heap region 1 cards per card region 8192
 CPUs: 8 total, 8 available
 Memory: 32455M
 Large Page Support: Disabled
 NUMA Support: Disabled
 Compressed Oops: Enabled (Zero based)
 Heap Region Size: 4M
 Heap Min Capacity: 8M
 Heap Initial Capacity: 508M
 Heap Max Capacity: 8116M
 Pre-touch: Disabled
 Parallel Workers: 8
 Concurrent Workers: 2
 Concurrent Refinement Workers: 8
 Periodic GC: Disabled

Heap:
 garbage-first heap   total 520192K, used 257720K [0x0000000604c00000, 0x0000000800000000)
  region size 4096K, 5 young (20480K), 5 survivors (20480K)
 Metaspace       used 65595K, committed 66560K, reserved 1114112K
  class space    used 7804K, committed 8256K, reserved 1048576K

Heap Regions: E=young(eden), S=young(survivor), O=old, HS=humongous(starts), HC=humongous(continues), CS=collection set, F=free, TAMS=top-at-mark-start, PB=parsable bottom
|   0|0x0000000604c00000, 0x0000000605000000, 0x0000000605000000|100%|HS|  |TAMS 0x0000000605000000| PB 0x0000000604c00000| Complete 
|   1|0x0000000605000000, 0x0000000605400000, 0x0000000605400000|100%| O|  |TAMS 0x0000000605400000| PB 0x0000000605000000| Untracked 
|   2|0x0000000605400000, 0x0000000605800000, 0x0000000605800000|100%| O|  |TAMS 0x0000000605800000| PB 0x0000000605400000| Untracked 
|   3|0x0000000605800000, 0x0000000605c00000, 0x0000000605c00000|100%| O|  |TAMS 0x0000000605c00000| PB 0x0000000605800000| Untracked 
|   4|0x0000000605c00000, 0x0000000606000000, 0x0000000606000000|100%| O|  |TAMS 0x0000000606000000| PB 0x0000000605c00000| Untracked 
|   5|0x0000000606000000, 0x0000000606400000, 0x0000000606400000|100%| O|  |TAMS 0x0000000606400000| PB 0x0000000606000000| Untracked 
|   6|0x0000000606400000, 0x0000000606800000, 0x0000000606800000|100%| O|  |TAMS 0x0000000606800000| PB 0x0000000606400000| Untracked 
|   7|0x0000000606800000, 0x0000000606c00000, 0x0000000606c00000|100%| O|  |TAMS 0x0000000606c00000| PB 0x0000000606800000| Untracked 
|   8|0x0000000606c00000, 0x0000000607000000, 0x0000000607000000|100%| O|  |TAMS 0x0000000607000000| PB 0x0000000606c00000| Untracked 
|   9|0x0000000607000000, 0x0000000607400000, 0x0000000607400000|100%| O|  |TAMS 0x0000000607400000| PB 0x0000000607000000| Untracked 
|  10|0x0000000607400000, 0x0000000607800000, 0x0000000607800000|100%| O|  |TAMS 0x0000000607800000| PB 0x0000000607400000| Untracked 
|  11|0x0000000607800000, 0x0000000607c00000, 0x0000000607c00000|100%| O|  |TAMS 0x0000000607c00000| PB 0x0000000607800000| Untracked 
|  12|0x0000000607c00000, 0x0000000608000000, 0x0000000608000000|100%| O|  |TAMS 0x0000000608000000| PB 0x0000000607c00000| Untracked 
|  13|0x0000000608000000, 0x0000000608400000, 0x0000000608400000|100%| O|  |TAMS 0x0000000608400000| PB 0x0000000608000000| Untracked 
|  14|0x0000000608400000, 0x0000000608800000, 0x0000000608800000|100%| O|  |TAMS 0x0000000608800000| PB 0x0000000608400000| Untracked 
|  15|0x0000000608800000, 0x0000000608c00000, 0x0000000608c00000|100%| O|  |TAMS 0x0000000608c00000| PB 0x0000000608800000| Untracked 
|  16|0x0000000608c00000, 0x0000000609000000, 0x0000000609000000|100%| O|  |TAMS 0x0000000609000000| PB 0x0000000608c00000| Untracked 
|  17|0x0000000609000000, 0x0000000609400000, 0x0000000609400000|100%| O|  |TAMS 0x0000000609400000| PB 0x0000000609000000| Untracked 
|  18|0x0000000609400000, 0x0000000609800000, 0x0000000609800000|100%| O|  |TAMS 0x0000000609800000| PB 0x0000000609400000| Untracked 
|  19|0x0000000609800000, 0x0000000609c00000, 0x0000000609c00000|100%| O|  |TAMS 0x0000000609c00000| PB 0x0000000609800000| Untracked 
|  20|0x0000000609c00000, 0x000000060a000000, 0x000000060a000000|100%| O|  |TAMS 0x000000060a000000| PB 0x0000000609c00000| Untracked 
|  21|0x000000060a000000, 0x000000060a400000, 0x000000060a400000|100%| O|  |TAMS 0x000000060a400000| PB 0x000000060a000000| Untracked 
|  22|0x000000060a400000, 0x000000060a800000, 0x000000060a800000|100%| O|  |TAMS 0x000000060a800000| PB 0x000000060a400000| Untracked 
|  23|0x000000060a800000, 0x000000060ac00000, 0x000000060ac00000|100%| O|  |TAMS 0x000000060ac00000| PB 0x000000060a800000| Untracked 
|  24|0x000000060ac00000, 0x000000060b000000, 0x000000060b000000|100%| O|  |TAMS 0x000000060b000000| PB 0x000000060ac00000| Untracked 
|  25|0x000000060b000000, 0x000000060b400000, 0x000000060b400000|100%| O|  |TAMS 0x000000060b400000| PB 0x000000060b000000| Untracked 
|  26|0x000000060b400000, 0x000000060b800000, 0x000000060b800000|100%| O|  |TAMS 0x000000060b800000| PB 0x000000060b400000| Untracked 
|  27|0x000000060b800000, 0x000000060bc00000, 0x000000060bc00000|100%| O|  |TAMS 0x000000060bc00000| PB 0x000000060b800000| Untracked 
|  28|0x000000060bc00000, 0x000000060c000000, 0x000000060c000000|100%| O|  |TAMS 0x000000060c000000| PB 0x000000060bc00000| Untracked 
|  29|0x000000060c000000, 0x000000060c400000, 0x000000060c400000|100%| O|  |TAMS 0x000000060c400000| PB 0x000000060c000000| Untracked 
|  30|0x000000060c400000, 0x000000060c800000, 0x000000060c800000|100%| O|  |TAMS 0x000000060c800000| PB 0x000000060c400000| Untracked 
|  31|0x000000060c800000, 0x000000060cc00000, 0x000000060cc00000|100%| O|  |TAMS 0x000000060cc00000| PB 0x000000060c800000| Untracked 
|  32|0x000000060cc00000, 0x000000060d000000, 0x000000060d000000|100%| O|  |TAMS 0x000000060d000000| PB 0x000000060cc00000| Untracked 
|  33|0x000000060d000000, 0x000000060d400000, 0x000000060d400000|100%| O|  |TAMS 0x000000060d400000| PB 0x000000060d000000| Untracked 
|  34|0x000000060d400000, 0x000000060d800000, 0x000000060d800000|100%| O|  |TAMS 0x000000060d800000| PB 0x000000060d400000| Untracked 
|  35|0x000000060d800000, 0x000000060dc00000, 0x000000060dc00000|100%| O|  |TAMS 0x000000060dc00000| PB 0x000000060d800000| Untracked 
|  36|0x000000060dc00000, 0x000000060e000000, 0x000000060e000000|100%| O|  |TAMS 0x000000060e000000| PB 0x000000060dc00000| Untracked 
|  37|0x000000060e000000, 0x000000060e400000, 0x000000060e400000|100%| O|  |TAMS 0x000000060e400000| PB 0x000000060e000000| Untracked 
|  38|0x000000060e400000, 0x000000060e800000, 0x000000060e800000|100%| O|  |TAMS 0x000000060e800000| PB 0x000000060e400000| Untracked 
|  39|0x000000060e800000, 0x000000060ec00000, 0x000000060ec00000|100%| O|  |TAMS 0x000000060ec00000| PB 0x000000060e800000| Untracked 
|  40|0x000000060ec00000, 0x000000060f000000, 0x000000060f000000|100%| O|  |TAMS 0x000000060f000000| PB 0x000000060ec00000| Untracked 
|  41|0x000000060f000000, 0x000000060f400000, 0x000000060f400000|100%| O|  |TAMS 0x000000060f400000| PB 0x000000060f000000| Untracked 
|  42|0x000000060f400000, 0x000000060f800000, 0x000000060f800000|100%| O|  |TAMS 0x000000060f800000| PB 0x000000060f400000| Untracked 
|  43|0x000000060f800000, 0x000000060fc00000, 0x000000060fc00000|100%| O|  |TAMS 0x000000060fc00000| PB 0x000000060f800000| Untracked 
|  44|0x000000060fc00000, 0x0000000610000000, 0x0000000610000000|100%| O|  |TAMS 0x0000000610000000| PB 0x000000060fc00000| Untracked 
|  45|0x0000000610000000, 0x0000000610400000, 0x0000000610400000|100%| O|  |TAMS 0x0000000610400000| PB 0x0000000610000000| Untracked 
|  46|0x0000000610400000, 0x0000000610800000, 0x0000000610800000|100%| O|  |TAMS 0x0000000610400000| PB 0x0000000610400000| Untracked 
|  47|0x0000000610800000, 0x0000000610c00000, 0x0000000610c00000|100%| O|  |TAMS 0x0000000610c00000| PB 0x0000000610800000| Untracked 
|  48|0x0000000610c00000, 0x0000000611000000, 0x0000000611000000|100%| O|  |TAMS 0x0000000611000000| PB 0x0000000610c00000| Untracked 
|  49|0x0000000611000000, 0x0000000611400000, 0x0000000611400000|100%| O|  |TAMS 0x0000000611400000| PB 0x0000000611000000| Untracked 
|  50|0x0000000611400000, 0x0000000611800000, 0x0000000611800000|100%| O|  |TAMS 0x0000000611800000| PB 0x0000000611400000| Untracked 
|  51|0x0000000611800000, 0x0000000611c00000, 0x0000000611c00000|100%| O|  |TAMS 0x0000000611c00000| PB 0x0000000611800000| Untracked 
|  52|0x0000000611c00000, 0x0000000612000000, 0x0000000612000000|100%| O|  |TAMS 0x0000000611c00000| PB 0x0000000611c00000| Untracked 
|  53|0x0000000612000000, 0x0000000612400000, 0x0000000612400000|100%| O|  |TAMS 0x0000000612000000| PB 0x0000000612000000| Untracked 
|  54|0x0000000612400000, 0x0000000612800000, 0x0000000612800000|100%| O|  |TAMS 0x0000000612400000| PB 0x0000000612400000| Untracked 
|  55|0x0000000612800000, 0x0000000612c00000, 0x0000000612c00000|100%| O|  |TAMS 0x0000000612800000| PB 0x0000000612800000| Untracked 
|  56|0x0000000612c00000, 0x0000000613000000, 0x0000000613000000|100%| O|  |TAMS 0x0000000612c00000| PB 0x0000000612c00000| Untracked 
|  57|0x0000000613000000, 0x00000006133ae058, 0x0000000613400000| 91%| O|  |TAMS 0x0000000613000000| PB 0x0000000613000000| Untracked 
|  58|0x0000000613400000, 0x0000000613400000, 0x0000000613800000|  0%| F|  |TAMS 0x0000000613400000| PB 0x0000000613400000| Untracked 
|  59|0x0000000613800000, 0x0000000613800000, 0x0000000613c00000|  0%| F|  |TAMS 0x0000000613800000| PB 0x0000000613800000| Untracked 
|  60|0x0000000613c00000, 0x0000000613c00000, 0x0000000614000000|  0%| F|  |TAMS 0x0000000613c00000| PB 0x0000000613c00000| Untracked 
|  61|0x0000000614000000, 0x0000000614000000, 0x0000000614400000|  0%| F|  |TAMS 0x0000000614000000| PB 0x0000000614000000| Untracked 
|  62|0x0000000614400000, 0x0000000614400000, 0x0000000614800000|  0%| F|  |TAMS 0x0000000614400000| PB 0x0000000614400000| Untracked 
|  63|0x0000000614800000, 0x0000000614800000, 0x0000000614c00000|  0%| F|  |TAMS 0x0000000614800000| PB 0x0000000614800000| Untracked 
|  64|0x0000000614c00000, 0x0000000614c00000, 0x0000000615000000|  0%| F|  |TAMS 0x0000000614c00000| PB 0x0000000614c00000| Untracked 
|  65|0x0000000615000000, 0x0000000615000000, 0x0000000615400000|  0%| F|  |TAMS 0x0000000615000000| PB 0x0000000615000000| Untracked 
|  66|0x0000000615400000, 0x0000000615800000, 0x0000000615800000|100%| S|CS|TAMS 0x0000000615400000| PB 0x0000000615400000| Complete 
|  67|0x0000000615800000, 0x0000000615c00000, 0x0000000615c00000|100%| S|CS|TAMS 0x0000000615800000| PB 0x0000000615800000| Complete 
|  68|0x0000000615c00000, 0x0000000616000000, 0x0000000616000000|100%| S|CS|TAMS 0x0000000615c00000| PB 0x0000000615c00000| Complete 
|  69|0x0000000616000000, 0x0000000616400000, 0x0000000616400000|100%| S|CS|TAMS 0x0000000616000000| PB 0x0000000616000000| Complete 
|  70|0x0000000616400000, 0x0000000616800000, 0x0000000616800000|100%| S|CS|TAMS 0x0000000616400000| PB 0x0000000616400000| Complete 
|  71|0x0000000616800000, 0x0000000616800000, 0x0000000616c00000|  0%| F|  |TAMS 0x0000000616800000| PB 0x0000000616800000| Untracked 
|  72|0x0000000616c00000, 0x0000000616c00000, 0x0000000617000000|  0%| F|  |TAMS 0x0000000616c00000| PB 0x0000000616c00000| Untracked 
|  73|0x0000000617000000, 0x0000000617000000, 0x0000000617400000|  0%| F|  |TAMS 0x0000000617000000| PB 0x0000000617000000| Untracked 
|  74|0x0000000617400000, 0x0000000617400000, 0x0000000617800000|  0%| F|  |TAMS 0x0000000617400000| PB 0x0000000617400000| Untracked 
|  75|0x0000000617800000, 0x0000000617800000, 0x0000000617c00000|  0%| F|  |TAMS 0x0000000617800000| PB 0x0000000617800000| Untracked 
|  76|0x0000000617c00000, 0x0000000617c00000, 0x0000000618000000|  0%| F|  |TAMS 0x0000000617c00000| PB 0x0000000617c00000| Untracked 
|  77|0x0000000618000000, 0x0000000618000000, 0x0000000618400000|  0%| F|  |TAMS 0x0000000618000000| PB 0x0000000618000000| Untracked 
|  78|0x0000000618400000, 0x0000000618400000, 0x0000000618800000|  0%| F|  |TAMS 0x0000000618400000| PB 0x0000000618400000| Untracked 
|  79|0x0000000618800000, 0x0000000618800000, 0x0000000618c00000|  0%| F|  |TAMS 0x0000000618800000| PB 0x0000000618800000| Untracked 
|  80|0x0000000618c00000, 0x0000000618c00000, 0x0000000619000000|  0%| F|  |TAMS 0x0000000618c00000| PB 0x0000000618c00000| Untracked 
|  81|0x0000000619000000, 0x0000000619000000, 0x0000000619400000|  0%| F|  |TAMS 0x0000000619000000| PB 0x0000000619000000| Untracked 
|  82|0x0000000619400000, 0x0000000619400000, 0x0000000619800000|  0%| F|  |TAMS 0x0000000619400000| PB 0x0000000619400000| Untracked 
|  83|0x0000000619800000, 0x0000000619800000, 0x0000000619c00000|  0%| F|  |TAMS 0x0000000619800000| PB 0x0000000619800000| Untracked 
|  84|0x0000000619c00000, 0x0000000619c00000, 0x000000061a000000|  0%| F|  |TAMS 0x0000000619c00000| PB 0x0000000619c00000| Untracked 
|  85|0x000000061a000000, 0x000000061a000000, 0x000000061a400000|  0%| F|  |TAMS 0x000000061a000000| PB 0x000000061a000000| Untracked 
|  86|0x000000061a400000, 0x000000061a400000, 0x000000061a800000|  0%| F|  |TAMS 0x000000061a400000| PB 0x000000061a400000| Untracked 
|  87|0x000000061a800000, 0x000000061a800000, 0x000000061ac00000|  0%| F|  |TAMS 0x000000061a800000| PB 0x000000061a800000| Untracked 
|  88|0x000000061ac00000, 0x000000061ac00000, 0x000000061b000000|  0%| F|  |TAMS 0x000000061ac00000| PB 0x000000061ac00000| Untracked 
|  89|0x000000061b000000, 0x000000061b000000, 0x000000061b400000|  0%| F|  |TAMS 0x000000061b000000| PB 0x000000061b000000| Untracked 
|  90|0x000000061b400000, 0x000000061b400000, 0x000000061b800000|  0%| F|  |TAMS 0x000000061b400000| PB 0x000000061b400000| Untracked 
|  91|0x000000061b800000, 0x000000061b800000, 0x000000061bc00000|  0%| F|  |TAMS 0x000000061b800000| PB 0x000000061b800000| Untracked 
|  92|0x000000061bc00000, 0x000000061bc00000, 0x000000061c000000|  0%| F|  |TAMS 0x000000061bc00000| PB 0x000000061bc00000| Untracked 
|  93|0x000000061c000000, 0x000000061c000000, 0x000000061c400000|  0%| F|  |TAMS 0x000000061c000000| PB 0x000000061c000000| Untracked 
|  94|0x000000061c400000, 0x000000061c400000, 0x000000061c800000|  0%| F|  |TAMS 0x000000061c400000| PB 0x000000061c400000| Untracked 
|  95|0x000000061c800000, 0x000000061c800000, 0x000000061cc00000|  0%| F|  |TAMS 0x000000061c800000| PB 0x000000061c800000| Untracked 
|  96|0x000000061cc00000, 0x000000061cc00000, 0x000000061d000000|  0%| F|  |TAMS 0x000000061cc00000| PB 0x000000061cc00000| Untracked 
|  97|0x000000061d000000, 0x000000061d000000, 0x000000061d400000|  0%| F|  |TAMS 0x000000061d000000| PB 0x000000061d000000| Untracked 
|  98|0x000000061d400000, 0x000000061d400000, 0x000000061d800000|  0%| F|  |TAMS 0x000000061d400000| PB 0x000000061d400000| Untracked 
|  99|0x000000061d800000, 0x000000061d800000, 0x000000061dc00000|  0%| F|  |TAMS 0x000000061d800000| PB 0x000000061d800000| Untracked 
| 100|0x000000061dc00000, 0x000000061dc00000, 0x000000061e000000|  0%| F|  |TAMS 0x000000061dc00000| PB 0x000000061dc00000| Untracked 
| 101|0x000000061e000000, 0x000000061e000000, 0x000000061e400000|  0%| F|  |TAMS 0x000000061e000000| PB 0x000000061e000000| Untracked 
| 102|0x000000061e400000, 0x000000061e400000, 0x000000061e800000|  0%| F|  |TAMS 0x000000061e400000| PB 0x000000061e400000| Untracked 
| 103|0x000000061e800000, 0x000000061e800000, 0x000000061ec00000|  0%| F|  |TAMS 0x000000061e800000| PB 0x000000061e800000| Untracked 
| 104|0x000000061ec00000, 0x000000061ec00000, 0x000000061f000000|  0%| F|  |TAMS 0x000000061ec00000| PB 0x000000061ec00000| Untracked 
| 105|0x000000061f000000, 0x000000061f000000, 0x000000061f400000|  0%| F|  |TAMS 0x000000061f000000| PB 0x000000061f000000| Untracked 
| 106|0x000000061f400000, 0x000000061f400000, 0x000000061f800000|  0%| F|  |TAMS 0x000000061f400000| PB 0x000000061f400000| Untracked 
| 107|0x000000061f800000, 0x000000061f800000, 0x000000061fc00000|  0%| F|  |TAMS 0x000000061f800000| PB 0x000000061f800000| Untracked 
| 108|0x000000061fc00000, 0x000000061fc00000, 0x0000000620000000|  0%| F|  |TAMS 0x000000061fc00000| PB 0x000000061fc00000| Untracked 
| 109|0x0000000620000000, 0x0000000620000000, 0x0000000620400000|  0%| F|  |TAMS 0x0000000620000000| PB 0x0000000620000000| Untracked 
| 110|0x0000000620400000, 0x0000000620400000, 0x0000000620800000|  0%| F|  |TAMS 0x0000000620400000| PB 0x0000000620400000| Untracked 
| 111|0x0000000620800000, 0x0000000620800000, 0x0000000620c00000|  0%| F|  |TAMS 0x0000000620800000| PB 0x0000000620800000| Untracked 
| 112|0x0000000620c00000, 0x0000000620c00000, 0x0000000621000000|  0%| F|  |TAMS 0x0000000620c00000| PB 0x0000000620c00000| Untracked 
| 113|0x0000000621000000, 0x0000000621000000, 0x0000000621400000|  0%| F|  |TAMS 0x0000000621000000| PB 0x0000000621000000| Untracked 
| 114|0x0000000621400000, 0x0000000621400000, 0x0000000621800000|  0%| F|  |TAMS 0x0000000621400000| PB 0x0000000621400000| Untracked 
| 115|0x0000000621800000, 0x0000000621800000, 0x0000000621c00000|  0%| F|  |TAMS 0x0000000621800000| PB 0x0000000621800000| Untracked 
| 116|0x0000000621c00000, 0x0000000621c00000, 0x0000000622000000|  0%| F|  |TAMS 0x0000000621c00000| PB 0x0000000621c00000| Untracked 
| 117|0x0000000622000000, 0x0000000622000000, 0x0000000622400000|  0%| F|  |TAMS 0x0000000622000000| PB 0x0000000622000000| Untracked 
| 118|0x0000000622400000, 0x0000000622400000, 0x0000000622800000|  0%| F|  |TAMS 0x0000000622400000| PB 0x0000000622400000| Untracked 
| 119|0x0000000622800000, 0x0000000622800000, 0x0000000622c00000|  0%| F|  |TAMS 0x0000000622800000| PB 0x0000000622800000| Untracked 
| 120|0x0000000622c00000, 0x0000000622c00000, 0x0000000623000000|  0%| F|  |TAMS 0x0000000622c00000| PB 0x0000000622c00000| Untracked 
| 121|0x0000000623000000, 0x0000000623000000, 0x0000000623400000|  0%| F|  |TAMS 0x0000000623000000| PB 0x0000000623000000| Untracked 
| 122|0x0000000623400000, 0x0000000623400000, 0x0000000623800000|  0%| F|  |TAMS 0x0000000623400000| PB 0x0000000623400000| Untracked 
| 123|0x0000000623800000, 0x0000000623800000, 0x0000000623c00000|  0%| F|  |TAMS 0x0000000623800000| PB 0x0000000623800000| Untracked 
| 124|0x0000000623c00000, 0x0000000623c00000, 0x0000000624000000|  0%| F|  |TAMS 0x0000000623c00000| PB 0x0000000623c00000| Untracked 
| 125|0x0000000624000000, 0x0000000624000000, 0x0000000624400000|  0%| F|  |TAMS 0x0000000624000000| PB 0x0000000624000000| Untracked 
| 126|0x0000000624400000, 0x0000000624400000, 0x0000000624800000|  0%| F|  |TAMS 0x0000000624400000| PB 0x0000000624400000| Untracked 

Card table byte_map: [0x0000020c74db0000,0x0000020c75d90000] _byte_map_base: 0x0000020c71d8a000

Marking Bits: (CMBitMap*) 0x0000020c7dc646f0
 Bits: [0x0000020c75d90000, 0x0000020c7dc60000)

Polling page: 0x0000020c697d0000

Metaspace:

Usage:
  Non-class:     56.44 MB used.
      Class:      7.62 MB used.
       Both:     64.06 MB used.

Virtual space:
  Non-class space:       64.00 MB reserved,      56.94 MB ( 89%) committed,  1 nodes.
      Class space:        1.00 GB reserved,       8.06 MB ( <1%) committed,  1 nodes.
             Both:        1.06 GB reserved,      65.00 MB (  6%) committed. 

Chunk freelists:
   Non-Class:  6.58 MB
       Class:  7.94 MB
        Both:  14.52 MB

MaxMetaspaceSize: unlimited
CompressedClassSpaceSize: 1.00 GB
Initial GC threshold: 21.00 MB
Current GC threshold: 99.38 MB
CDS: on
 - commit_granule_bytes: 65536.
 - commit_granule_words: 8192.
 - virtual_space_node_default_size: 8388608.
 - enlarge_chunks_in_place: 1.
 - use_allocation_guard: 0.


Internal statistics:

num_allocs_failed_limit: 12.
num_arena_births: 1528.
num_arena_deaths: 0.
num_vsnodes_births: 2.
num_vsnodes_deaths: 0.
num_space_committed: 1038.
num_space_uncommitted: 0.
num_chunks_returned_to_freelist: 12.
num_chunks_taken_from_freelist: 3964.
num_chunk_merges: 12.
num_chunk_splits: 2936.
num_chunks_enlarged: 2206.
num_inconsistent_stats: 0.

CodeHeap 'non-profiled nmethods': size=120000Kb used=6140Kb max_used=6140Kb free=113859Kb
 bounds [0x0000020c07ad0000, 0x0000020c080d0000, 0x0000020c0f000000]
CodeHeap 'profiled nmethods': size=120000Kb used=16739Kb max_used=16739Kb free=103260Kb
 bounds [0x0000020c00000000, 0x0000020c01060000, 0x0000020c07530000]
CodeHeap 'non-nmethods': size=5760Kb used=1930Kb max_used=1995Kb free=3829Kb
 bounds [0x0000020c07530000, 0x0000020c077a0000, 0x0000020c07ad0000]
 total_blobs=8338 nmethods=7598 adapters=643
 compilation: enabled
              stopped_count=0, restarted_count=0
 full_count=0

Compilation events (20 events):
Event: 152.229 Thread 0x0000020c60a22c70 nmethod 8170 0x0000020c080c8b90 code [0x0000020c080c8d20, 0x0000020c080c8e08]
Event: 152.229 Thread 0x0000020c60a22c70 8233       4       org.jetbrains.kotlin.util.collectionUtils.ScopeUtilsKt::concat (61 bytes)
Event: 152.236 Thread 0x0000020c60a22c70 nmethod 8233 0x0000020c080c8f10 code [0x0000020c080c9100, 0x0000020c080c95e8]
Event: 152.236 Thread 0x0000020c60a22c70 8237       4       kotlin.Pair::hashCode (45 bytes)
Event: 152.240 Thread 0x0000020c60a22c70 nmethod 8237 0x0000020c080c9a90 code [0x0000020c080c9c60, 0x0000020c080ca008]
Event: 152.240 Thread 0x0000020c60a22c70 8238       4       java.lang.reflect.Constructor::newInstanceWithCaller (51 bytes)
Event: 152.260 Thread 0x0000020c60a22c70 nmethod 8238 0x0000020c080ca310 code [0x0000020c080ca5e0, 0x0000020c080cafc8]
Event: 152.261 Thread 0x0000020c60a22c70 8239   !   4       jdk.internal.reflect.DirectConstructorHandleAccessor::newInstance (130 bytes)
Event: 152.268 Thread 0x0000020c60a22c70 nmethod 8239 0x0000020c080cba10 code [0x0000020c080cbcc0, 0x0000020c080cc448]
Event: 152.268 Thread 0x0000020c60a22c70 8247       4       org.jetbrains.kotlin.descriptors.impl.PackageFragmentDescriptorImpl::getContainingDeclaration (8 bytes)
Event: 152.269 Thread 0x0000020c60a22c70 nmethod 8247 0x0000020c080ccc90 code [0x0000020c080cce20, 0x0000020c080ccee8]
Event: 152.270 Thread 0x0000020c60a22c70 8248       4       com.intellij.util.SmartList::resizeIfNecessary (55 bytes)
Event: 152.275 Thread 0x0000020c60a22c70 nmethod 8248 0x0000020c080cd010 code [0x0000020c080cd1c0, 0x0000020c080cd5e0]
Event: 152.276 Thread 0x0000020c60a22c70 8194       4       java.io.ByteArrayInputStream::<init> (26 bytes)
Event: 152.280 Thread 0x0000020c60a22c70 nmethod 8194 0x0000020c080cd810 code [0x0000020c080cd9a0, 0x0000020c080cdb28]
Event: 152.280 Thread 0x0000020c60a22c70 8250       4       org.jetbrains.kotlin.resolve.DescriptorUtils::getFqNameUnsafe (76 bytes)
Event: 152.294 Thread 0x0000020c60a22c70 nmethod 8250 0x0000020c080cdc10 code [0x0000020c080cde40, 0x0000020c080ce7f8]
Event: 152.294 Thread 0x0000020c60a22c70 8251       4       org.jetbrains.kotlin.name.FqNameUnsafe::toSafe (29 bytes)
Event: 152.297 Thread 0x0000020c60a22c70 nmethod 8251 0x0000020c080ced10 code [0x0000020c080ceea0, 0x0000020c080cf0a0]
Event: 152.297 Thread 0x0000020c60a22c70 8249       4       org.jetbrains.kotlin.descriptors.impl.AbstractClassDescriptor::<init> (80 bytes)

GC Heap History (20 events):
Event: 146.977 GC heap after
{Heap after GC invocations=49 (full 0):
 garbage-first heap   total 81920K, used 36277K [0x0000000604c00000, 0x0000000800000000)
  region size 4096K, 2 young (8192K), 2 survivors (8192K)
 Metaspace       used 64721K, committed 65728K, reserved 1114112K
  class space    used 7793K, committed 8256K, reserved 1048576K
}
Event: 147.141 GC heap before
{Heap before GC invocations=49 (full 0):
 garbage-first heap   total 81920K, used 64949K [0x0000000604c00000, 0x0000000800000000)
  region size 4096K, 9 young (36864K), 2 survivors (8192K)
 Metaspace       used 64794K, committed 65792K, reserved 1114112K
  class space    used 7794K, committed 8256K, reserved 1048576K
}
Event: 147.147 GC heap after
{Heap after GC invocations=50 (full 0):
 garbage-first heap   total 81920K, used 39805K [0x0000000604c00000, 0x0000000800000000)
  region size 4096K, 2 young (8192K), 2 survivors (8192K)
 Metaspace       used 64794K, committed 65792K, reserved 1114112K
  class space    used 7794K, committed 8256K, reserved 1048576K
}
Event: 147.261 GC heap before
{Heap before GC invocations=50 (full 0):
 garbage-first heap   total 81920K, used 64381K [0x0000000604c00000, 0x0000000800000000)
  region size 4096K, 9 young (36864K), 2 survivors (8192K)
 Metaspace       used 64816K, committed 65792K, reserved 1114112K
  class space    used 7794K, committed 8256K, reserved 1048576K
}
Event: 147.267 GC heap after
{Heap after GC invocations=51 (full 0):
 garbage-first heap   total 303104K, used 41947K [0x0000000604c00000, 0x0000000800000000)
  region size 4096K, 2 young (8192K), 2 survivors (8192K)
 Metaspace       used 64816K, committed 65792K, reserved 1114112K
  class space    used 7794K, committed 8256K, reserved 1048576K
}
Event: 148.586 GC heap before
{Heap before GC invocations=51 (full 0):
 garbage-first heap   total 303104K, used 213979K [0x0000000604c00000, 0x0000000800000000)
  region size 4096K, 44 young (180224K), 2 survivors (8192K)
 Metaspace       used 65286K, committed 66240K, reserved 1114112K
  class space    used 7797K, committed 8256K, reserved 1048576K
}
Event: 148.606 GC heap after
{Heap after GC invocations=52 (full 0):
 garbage-first heap   total 303104K, used 67636K [0x0000000604c00000, 0x0000000800000000)
  region size 4096K, 6 young (24576K), 6 survivors (24576K)
 Metaspace       used 65286K, committed 66240K, reserved 1114112K
  class space    used 7797K, committed 8256K, reserved 1048576K
}
Event: 149.295 GC heap before
{Heap before GC invocations=52 (full 0):
 garbage-first heap   total 303104K, used 215092K [0x0000000604c00000, 0x0000000800000000)
  region size 4096K, 42 young (172032K), 6 survivors (24576K)
 Metaspace       used 65375K, committed 66304K, reserved 1114112K
  class space    used 7798K, committed 8256K, reserved 1048576K
}
Event: 149.323 GC heap after
{Heap after GC invocations=53 (full 0):
 garbage-first heap   total 303104K, used 95694K [0x0000000604c00000, 0x0000000800000000)
  region size 4096K, 6 young (24576K), 6 survivors (24576K)
 Metaspace       used 65375K, committed 66304K, reserved 1114112K
  class space    used 7798K, committed 8256K, reserved 1048576K
}
Event: 149.715 GC heap before
{Heap before GC invocations=53 (full 0):
 garbage-first heap   total 303104K, used 226766K [0x0000000604c00000, 0x0000000800000000)
  region size 4096K, 38 young (155648K), 6 survivors (24576K)
 Metaspace       used 65454K, committed 66368K, reserved 1114112K
  class space    used 7798K, committed 8256K, reserved 1048576K
}
Event: 149.738 GC heap after
{Heap after GC invocations=54 (full 0):
 garbage-first heap   total 303104K, used 117024K [0x0000000604c00000, 0x0000000800000000)
  region size 4096K, 5 young (20480K), 5 survivors (20480K)
 Metaspace       used 65454K, committed 66368K, reserved 1114112K
  class space    used 7798K, committed 8256K, reserved 1048576K
}
Event: 150.142 GC heap before
{Heap before GC invocations=54 (full 0):
 garbage-first heap   total 303104K, used 244000K [0x0000000604c00000, 0x0000000800000000)
  region size 4096K, 36 young (147456K), 5 survivors (20480K)
 Metaspace       used 65482K, committed 66496K, reserved 1114112K
  class space    used 7799K, committed 8256K, reserved 1048576K
}
Event: 150.162 GC heap after
{Heap after GC invocations=55 (full 0):
 garbage-first heap   total 421888K, used 138200K [0x0000000604c00000, 0x0000000800000000)
  region size 4096K, 5 young (20480K), 5 survivors (20480K)
 Metaspace       used 65482K, committed 66496K, reserved 1114112K
  class space    used 7799K, committed 8256K, reserved 1048576K
}
Event: 150.849 GC heap before
{Heap before GC invocations=55 (full 0):
 garbage-first heap   total 421888K, used 338904K [0x0000000604c00000, 0x0000000800000000)
  region size 4096K, 54 young (221184K), 5 survivors (20480K)
 Metaspace       used 65523K, committed 66496K, reserved 1114112K
  class space    used 7799K, committed 8256K, reserved 1048576K
}
Event: 150.873 GC heap after
{Heap after GC invocations=56 (full 0):
 garbage-first heap   total 421888K, used 171164K [0x0000000604c00000, 0x0000000800000000)
  region size 4096K, 7 young (28672K), 7 survivors (28672K)
 Metaspace       used 65523K, committed 66496K, reserved 1114112K
  class space    used 7799K, committed 8256K, reserved 1048576K
}
Event: 151.443 GC heap before
{Heap before GC invocations=56 (full 0):
 garbage-first heap   total 421888K, used 347292K [0x0000000604c00000, 0x0000000800000000)
  region size 4096K, 50 young (204800K), 7 survivors (28672K)
 Metaspace       used 65532K, committed 66496K, reserved 1114112K
  class space    used 7799K, committed 8256K, reserved 1048576K
}
Event: 151.478 GC heap after
{Heap after GC invocations=57 (full 0):
 garbage-first heap   total 421888K, used 204800K [0x0000000604c00000, 0x0000000800000000)
  region size 4096K, 7 young (28672K), 7 survivors (28672K)
 Metaspace       used 65532K, committed 66496K, reserved 1114112K
  class space    used 7799K, committed 8256K, reserved 1048576K
}
Event: 151.903 GC heap before
{Heap before GC invocations=57 (full 0):
 garbage-first heap   total 421888K, used 356352K [0x0000000604c00000, 0x0000000800000000)
  region size 4096K, 44 young (180224K), 7 survivors (28672K)
 Metaspace       used 65534K, committed 66496K, reserved 1114112K
  class space    used 7799K, committed 8256K, reserved 1048576K
}
Event: 151.933 GC heap after
{Heap after GC invocations=58 (full 0):
 garbage-first heap   total 421888K, used 233472K [0x0000000604c00000, 0x0000000800000000)
  region size 4096K, 6 young (24576K), 6 survivors (24576K)
 Metaspace       used 65534K, committed 66496K, reserved 1114112K
  class space    used 7799K, committed 8256K, reserved 1048576K
}
Event: 152.311 GC heap before
{Heap before GC invocations=58 (full 0):
 garbage-first heap   total 421888K, used 364544K [0x0000000604c00000, 0x0000000800000000)
  region size 4096K, 38 young (155648K), 6 survivors (24576K)
 Metaspace       used 65595K, committed 66560K, reserved 1114112K
  class space    used 7804K, committed 8256K, reserved 1048576K
}

Dll operation events (8 events):
Event: 0.012 Loaded shared library C:\Program Files\Java\jdk-21\bin\java.dll
Event: 0.055 Loaded shared library C:\Program Files\Java\jdk-21\bin\jsvml.dll
Event: 0.114 Loaded shared library C:\Program Files\Java\jdk-21\bin\net.dll
Event: 0.117 Loaded shared library C:\Program Files\Java\jdk-21\bin\nio.dll
Event: 0.124 Loaded shared library C:\Program Files\Java\jdk-21\bin\zip.dll
Event: 0.246 Loaded shared library C:\Program Files\Java\jdk-21\bin\jimage.dll
Event: 1.848 Loaded shared library C:\Program Files\Java\jdk-21\bin\verify.dll
Event: 3.732 Loaded shared library C:\Users\notai\AppData\Local\Temp\sqlite-3.41.2.1-47f165c6-eb61-4863-98a0-5251175f36c0-sqlitejdbc.dll

Deoptimization events (20 events):
Event: 152.116 Thread 0x0000020c60dfec30 Uncommon trap: trap_request=0xffffff76 fr.pc=0x0000020c080baf3c relative=0x00000000000003dc
Event: 152.116 Thread 0x0000020c60dfec30 Uncommon trap: reason=predicate action=maybe_recompile pc=0x0000020c080baf3c method=java.util.AbstractCollection.toArray([Ljava/lang/Object;)[Ljava/lang/Object; @ 43 c2
Event: 152.116 Thread 0x0000020c60dfec30 DEOPT PACKING pc=0x0000020c080baf3c sp=0x000000965ddfd100
Event: 152.116 Thread 0x0000020c60dfec30 DEOPT UNPACKING pc=0x0000020c07587da2 sp=0x000000965ddfd098 mode 2
Event: 152.141 Thread 0x0000020c60dfec30 Uncommon trap: trap_request=0xffffffd6 fr.pc=0x0000020c080c2b68 relative=0x0000000000000388
Event: 152.141 Thread 0x0000020c60dfec30 Uncommon trap: reason=array_check action=maybe_recompile pc=0x0000020c080c2b68 method=java.util.AbstractCollection.toArray([Ljava/lang/Object;)[Ljava/lang/Object; @ 116 c2
Event: 152.141 Thread 0x0000020c60dfec30 DEOPT PACKING pc=0x0000020c080c2b68 sp=0x000000965ddfd630
Event: 152.141 Thread 0x0000020c60dfec30 DEOPT UNPACKING pc=0x0000020c07587da2 sp=0x000000965ddfd5c0 mode 2
Event: 152.141 Thread 0x0000020c60dfec30 Uncommon trap: trap_request=0xffffffd6 fr.pc=0x0000020c080c2b68 relative=0x0000000000000388
Event: 152.141 Thread 0x0000020c60dfec30 Uncommon trap: reason=array_check action=maybe_recompile pc=0x0000020c080c2b68 method=java.util.AbstractCollection.toArray([Ljava/lang/Object;)[Ljava/lang/Object; @ 116 c2
Event: 152.141 Thread 0x0000020c60dfec30 DEOPT PACKING pc=0x0000020c080c2b68 sp=0x000000965ddfd630
Event: 152.141 Thread 0x0000020c60dfec30 DEOPT UNPACKING pc=0x0000020c07587da2 sp=0x000000965ddfd5c0 mode 2
Event: 152.142 Thread 0x0000020c60dfec30 Uncommon trap: trap_request=0xffffffd6 fr.pc=0x0000020c080c2b68 relative=0x0000000000000388
Event: 152.142 Thread 0x0000020c60dfec30 Uncommon trap: reason=array_check action=maybe_recompile pc=0x0000020c080c2b68 method=java.util.AbstractCollection.toArray([Ljava/lang/Object;)[Ljava/lang/Object; @ 116 c2
Event: 152.142 Thread 0x0000020c60dfec30 DEOPT PACKING pc=0x0000020c080c2b68 sp=0x000000965ddfd630
Event: 152.142 Thread 0x0000020c60dfec30 DEOPT UNPACKING pc=0x0000020c07587da2 sp=0x000000965ddfd5c0 mode 2
Event: 152.142 Thread 0x0000020c60dfec30 Uncommon trap: trap_request=0xffffffd6 fr.pc=0x0000020c080c2b68 relative=0x0000000000000388
Event: 152.142 Thread 0x0000020c60dfec30 Uncommon trap: reason=array_check action=maybe_recompile pc=0x0000020c080c2b68 method=java.util.AbstractCollection.toArray([Ljava/lang/Object;)[Ljava/lang/Object; @ 116 c2
Event: 152.142 Thread 0x0000020c60dfec30 DEOPT PACKING pc=0x0000020c080c2b68 sp=0x000000965ddfd630
Event: 152.142 Thread 0x0000020c60dfec30 DEOPT UNPACKING pc=0x0000020c07587da2 sp=0x000000965ddfd5c0 mode 2

Classes loaded (20 events):
Event: 145.238 Loading class java/util/stream/IntPipeline$1$1
Event: 145.238 Loading class java/util/stream/IntPipeline$1$1 done
Event: 145.321 Loading class java/nio/file/attribute/PosixFilePermission
Event: 145.321 Loading class java/nio/file/attribute/PosixFilePermission done
Event: 145.728 Loading class java/util/concurrent/CompletableFuture$AsyncRun
Event: 145.728 Loading class java/util/concurrent/CompletableFuture$AsyncRun done
Event: 145.806 Loading class java/util/concurrent/ConcurrentLinkedQueue$Itr
Event: 145.806 Loading class java/util/concurrent/ConcurrentLinkedQueue$Itr done
Event: 145.891 Loading class java/util/AbstractList$RandomAccessSubList
Event: 145.891 Loading class java/util/AbstractList$RandomAccessSubList done
Event: 146.133 Loading class java/util/stream/LongStream
Event: 146.133 Loading class java/util/stream/LongStream done
Event: 146.133 Loading class java/util/stream/DoubleStream
Event: 146.133 Loading class java/util/stream/DoubleStream done
Event: 146.230 Loading class java/lang/Character$UnicodeBlock
Event: 146.231 Loading class java/lang/Character$Subset
Event: 146.231 Loading class java/lang/Character$Subset done
Event: 146.232 Loading class java/lang/Character$UnicodeBlock done
Event: 146.347 Loading class java/lang/StackTraceElement$HashedModules
Event: 146.347 Loading class java/lang/StackTraceElement$HashedModules done

Classes unloaded (0 events):
No events

Classes redefined (0 events):
No events

Internal exceptions (20 events):
Event: 145.285 Thread 0x0000020c56130730 Exception <a 'java/lang/NoSuchMethodError'{0x0000000607a70be8}: 'java.lang.Object java.lang.invoke.DirectMethodHandle$Holder.invokeSpecial(java.lang.Object, java.lang.Object, java.lang.Object, java.lang.Object, java.lang.Object, int)'> (0x0000000607a70be8) 
thrown [s\open\src\hotspot\share\interpreter\linkResolver.cpp, line 773]
Event: 145.285 Thread 0x0000020c56130730 Exception <a 'java/lang/NoSuchMethodError'{0x0000000607a74658}: 'java.lang.Object java.lang.invoke.Invokers$Holder.linkToTargetMethod(java.lang.Object, java.lang.Object, java.lang.Object, int, java.lang.Object)'> (0x0000000607a74658) 
thrown [s\open\src\hotspot\share\interpreter\linkResolver.cpp, line 773]
Event: 145.393 Thread 0x0000020c56130730 Exception <a 'java/lang/NoSuchMethodError'{0x000000060778d0b8}: 'java.lang.Object java.lang.invoke.DirectMethodHandle$Holder.invokeStaticInit(java.lang.Object, java.lang.Object, java.lang.Object, java.lang.Object)'> (0x000000060778d0b8) 
thrown [s\open\src\hotspot\share\interpreter\linkResolver.cpp, line 773]
Event: 145.413 Thread 0x0000020c56130730 Exception <a 'java/lang/NoSuchMethodError'{0x0000000624432558}: 'java.lang.Object java.lang.invoke.DirectMethodHandle$Holder.newInvokeSpecial(java.lang.Object, int, java.lang.Object, java.lang.Object, java.lang.Object, java.lang.Object, java.lang.Object)'> (0x0000000624432558) 
thrown [s\open\src\hotspot\share\interpreter\linkResolver.cpp, line 773]
Event: 145.474 Thread 0x0000020c56130730 Implicit null exception at 0x0000020c07da7bda to 0x0000020c07da7ce4
Event: 145.675 Thread 0x0000020c56130730 Exception <a 'java/lang/NoSuchMethodError'{0x00000006093b1c90}: 'java.lang.Object java.lang.invoke.DirectMethodHandle$Holder.newInvokeSpecial(java.lang.Object, java.lang.Object, java.lang.Object, java.lang.Object, java.lang.Object, java.lang.Object, java.lang.Object, int)'> (0x00000006093b1c90) 
thrown [s\open\src\hotspot\share\interpreter\linkResolver.cpp, line 773]
Event: 145.675 Thread 0x0000020c56130730 Exception <a 'java/lang/NoSuchMethodError'{0x00000006093b6798}: 'java.lang.Object java.lang.invoke.DirectMethodHandle$Holder.invokeSpecial(java.lang.Object, java.lang.Object, java.lang.Object, java.lang.Object, java.lang.Object, java.lang.Object, java.lang.Object, java.lang.Object, int)'> (0x00000006093b6798) 
thrown [s\open\src\hotspot\share\interpreter\linkResolver.cpp, line 773]
Event: 145.681 Thread 0x0000020c56130730 Implicit null exception at 0x0000020c07b5269b to 0x0000020c07b52890
Event: 145.730 Thread 0x0000020c60dfb120 Exception <a 'java/lang/NoSuchMethodError'{0x0000000608dea710}: 'java.lang.Object java.lang.invoke.DirectMethodHandle$Holder.invokeStatic(java.lang.Object, java.lang.Object, java.lang.Object, java.lang.Object, long, java.lang.Object)'> (0x0000000608dea710) 
thrown [s\open\src\hotspot\share\interpreter\linkResolver.cpp, line 773]
Event: 145.731 Thread 0x0000020c60dfb120 Exception <a 'java/lang/NoSuchMethodError'{0x0000000608df1820}: 'java.lang.Object java.lang.invoke.DirectMethodHandle$Holder.newInvokeSpecial(java.lang.Object, java.lang.Object, java.lang.Object, java.lang.Object, long)'> (0x0000000608df1820) 
thrown [s\open\src\hotspot\share\interpreter\linkResolver.cpp, line 773]
Event: 145.732 Thread 0x0000020c60dfb120 Exception <a 'java/lang/NoSuchMethodError'{0x0000000608df54d8}: 'java.lang.Object java.lang.invoke.DirectMethodHandle$Holder.invokeSpecial(java.lang.Object, java.lang.Object, java.lang.Object, java.lang.Object, java.lang.Object, long)'> (0x0000000608df54d8) 
thrown [s\open\src\hotspot\share\interpreter\linkResolver.cpp, line 773]
Event: 145.732 Thread 0x0000020c60dfb120 Exception <a 'java/lang/NoSuchMethodError'{0x0000000608df8c50}: 'java.lang.Object java.lang.invoke.Invokers$Holder.linkToTargetMethod(java.lang.Object, java.lang.Object, java.lang.Object, long, java.lang.Object)'> (0x0000000608df8c50) 
thrown [s\open\src\hotspot\share\interpreter\linkResolver.cpp, line 773]
Event: 145.786 Thread 0x0000020c56130730 Exception <a 'java/lang/NoSuchMethodError'{0x000000060892c260}: 'java.lang.Object java.lang.invoke.DirectMethodHandle$Holder.invokeSpecial(java.lang.Object, java.lang.Object, java.lang.Object, java.lang.Object, java.lang.Object, java.lang.Object, int)'> (0x000000060892c260) 
thrown [s\open\src\hotspot\share\interpreter\linkResolver.cpp, line 773]
Event: 145.828 Thread 0x0000020c56130730 Exception <a 'java/lang/NoSuchMethodError'{0x0000000608ac1188}: 'java.lang.Object java.lang.invoke.DirectMethodHandle$Holder.newInvokeSpecial(java.lang.Object, java.lang.Object, java.lang.Object, java.lang.Object, int, java.lang.Object)'> (0x0000000608ac1188) 
thrown [s\open\src\hotspot\share\interpreter\linkResolver.cpp, line 773]
Event: 145.829 Thread 0x0000020c56130730 Exception <a 'java/lang/NoSuchMethodError'{0x0000000608ac8990}: 'java.lang.Object java.lang.invoke.Invokers$Holder.linkToTargetMethod(java.lang.Object, java.lang.Object, java.lang.Object, int, java.lang.Object, java.lang.Object)'> (0x0000000608ac8990) 
thrown [s\open\src\hotspot\share\interpreter\linkResolver.cpp, line 773]
Event: 146.343 Thread 0x0000020c56130730 Exception <a 'java/lang/NoSuchMethodError'{0x00000006092fa770}: 'java.lang.Object java.lang.invoke.DirectMethodHandle$Holder.invokeStatic(java.lang.Object, int, int, java.lang.Object)'> (0x00000006092fa770) 
thrown [s\open\src\hotspot\share\interpreter\linkResolver.cpp, line 773]
Event: 146.416 Thread 0x0000020c60dfec30 Implicit null exception at 0x0000020c07bd47dd to 0x0000020c07bd48bd
Event: 146.829 Thread 0x0000020c60dfec30 Implicit null exception at 0x0000020c07ce4f0a to 0x0000020c07ce5290
Event: 150.168 Thread 0x0000020c60dfec30 Implicit null exception at 0x0000020c07ebfdc0 to 0x0000020c07ec4f90
Event: 151.985 Thread 0x0000020c60dfec30 Implicit null exception at 0x0000020c07fb9c4d to 0x0000020c07fbab60

ZGC Phase Switch (0 events):
No events

VM Operations (20 events):
Event: 148.174 Executing VM operation: HandshakeAllThreads (Deoptimize) done
Event: 148.586 Executing VM operation: G1CollectForAllocation (G1 Evacuation Pause)
Event: 148.607 Executing VM operation: G1CollectForAllocation (G1 Evacuation Pause) done
Event: 149.018 Executing VM operation: ICBufferFull
Event: 149.018 Executing VM operation: ICBufferFull done
Event: 149.295 Executing VM operation: G1CollectForAllocation (G1 Evacuation Pause)
Event: 149.323 Executing VM operation: G1CollectForAllocation (G1 Evacuation Pause) done
Event: 149.715 Executing VM operation: G1CollectForAllocation (G1 Evacuation Pause)
Event: 149.738 Executing VM operation: G1CollectForAllocation (G1 Evacuation Pause) done
Event: 150.142 Executing VM operation: G1CollectForAllocation (G1 Evacuation Pause)
Event: 150.162 Executing VM operation: G1CollectForAllocation (G1 Evacuation Pause) done
Event: 150.849 Executing VM operation: G1CollectForAllocation (G1 Evacuation Pause)
Event: 150.873 Executing VM operation: G1CollectForAllocation (G1 Evacuation Pause) done
Event: 151.443 Executing VM operation: G1CollectForAllocation (G1 Evacuation Pause)
Event: 151.478 Executing VM operation: G1CollectForAllocation (G1 Evacuation Pause) done
Event: 151.903 Executing VM operation: G1CollectForAllocation (G1 Evacuation Pause)
Event: 151.933 Executing VM operation: G1CollectForAllocation (G1 Evacuation Pause) done
Event: 152.005 Executing VM operation: HandshakeAllThreads (Deoptimize)
Event: 152.006 Executing VM operation: HandshakeAllThreads (Deoptimize) done
Event: 152.310 Executing VM operation: G1CollectForAllocation (G1 Evacuation Pause)

Events (20 events):
Event: 146.043 Thread 0x0000020c7de515d0 flushing nmethod 0x0000020c07bda210
Event: 146.043 Thread 0x0000020c7de515d0 flushing nmethod 0x0000020c07bbaf90
Event: 146.043 Thread 0x0000020c7de515d0 flushing nmethod 0x0000020c07bb2c90
Event: 146.043 Thread 0x0000020c7de515d0 flushing nmethod 0x0000020c07bc1e10
Event: 146.043 Thread 0x0000020c7de515d0 flushing nmethod 0x0000020c07b90510
Event: 146.043 Thread 0x0000020c7de515d0 flushing nmethod 0x0000020c07b8f110
Event: 146.043 Thread 0x0000020c7de515d0 flushing nmethod 0x0000020c07bb0790
Event: 146.043 Thread 0x0000020c7de515d0 flushing nmethod 0x0000020c07b79290
Event: 146.043 Thread 0x0000020c7de515d0 flushing nmethod 0x0000020c07b81110
Event: 146.043 Thread 0x0000020c7de515d0 flushing nmethod 0x0000020c07b7c290
Event: 146.043 Thread 0x0000020c7de515d0 flushing nmethod 0x0000020c07b5f690
Event: 146.043 Thread 0x0000020c7de515d0 flushing nmethod 0x0000020c07b55e90
Event: 146.043 Thread 0x0000020c7de515d0 flushing nmethod 0x0000020c07b3dc90
Event: 146.043 Thread 0x0000020c7de515d0 flushing nmethod 0x0000020c07b4c710
Event: 146.043 Thread 0x0000020c7de515d0 flushing nmethod 0x0000020c07b4b290
Event: 146.043 Thread 0x0000020c7de515d0 flushing nmethod 0x0000020c07b2de90
Event: 146.043 Thread 0x0000020c7de515d0 flushing nmethod 0x0000020c07b44d10
Event: 146.043 Thread 0x0000020c7de515d0 flushing nmethod 0x0000020c07b2c610
Event: 146.043 Thread 0x0000020c7de515d0 flushing nmethod 0x0000020c07afe610
Event: 146.354 Thread 0x0000020c60dfec30 Thread added: 0x0000020c60dfec30


Dynamic libraries:
0x00007ff7e8a10000 - 0x00007ff7e8a1e000 	C:\Program Files\Java\jdk-21\bin\java.exe
0x00007ff9979b0000 - 0x00007ff997bc8000 	C:\WINDOWS\SYSTEM32\ntdll.dll
0x00007ff996d70000 - 0x00007ff996e34000 	C:\WINDOWS\System32\KERNEL32.DLL
0x00007ff994f60000 - 0x00007ff995333000 	C:\WINDOWS\System32\KERNELBASE.dll
0x00007ff990a10000 - 0x00007ff990aa7000 	C:\WINDOWS\SYSTEM32\apphelp.dll
0x00007ff994cd0000 - 0x00007ff994de1000 	C:\WINDOWS\System32\ucrtbase.dll
0x00007ff978560000 - 0x00007ff97857b000 	C:\Program Files\Java\jdk-21\bin\VCRUNTIME140.dll
0x00007ff978580000 - 0x00007ff978598000 	C:\Program Files\Java\jdk-21\bin\jli.dll
0x00007ff997170000 - 0x00007ff997322000 	C:\WINDOWS\System32\USER32.dll
0x00007ff9953c0000 - 0x00007ff9953e6000 	C:\WINDOWS\System32\win32u.dll
0x00007ff95d940000 - 0x00007ff95dbdc000 	C:\WINDOWS\WinSxS\amd64_microsoft.windows.common-controls_6595b64144ccf1df_6.0.22621.6060_none_2712eda17382d24b\COMCTL32.dll
0x00007ff996b30000 - 0x00007ff996b59000 	C:\WINDOWS\System32\GDI32.dll
0x00007ff996ff0000 - 0x00007ff997097000 	C:\WINDOWS\System32\msvcrt.dll
0x00007ff9953f0000 - 0x00007ff99550b000 	C:\WINDOWS\System32\gdi32full.dll
0x00007ff994bb0000 - 0x00007ff994c4a000 	C:\WINDOWS\System32\msvcp_win.dll
0x00007ff995860000 - 0x00007ff995891000 	C:\WINDOWS\System32\IMM32.DLL
0x00007ff979880000 - 0x00007ff97988c000 	C:\Program Files\Java\jdk-21\bin\vcruntime140_1.dll
0x00007ff9738a0000 - 0x00007ff97392e000 	C:\Program Files\Java\jdk-21\bin\msvcp140.dll
0x00007ff8ac9f0000 - 0x00007ff8ad703000 	C:\Program Files\Java\jdk-21\bin\server\jvm.dll
0x00007ff996950000 - 0x00007ff996a01000 	C:\WINDOWS\System32\ADVAPI32.dll
0x00007ff995650000 - 0x00007ff9956f8000 	C:\WINDOWS\System32\sechost.dll
0x00007ff994ac0000 - 0x00007ff994ae8000 	C:\WINDOWS\System32\bcrypt.dll
0x00007ff996a10000 - 0x00007ff996b28000 	C:\WINDOWS\System32\RPCRT4.dll
0x00007ff995f20000 - 0x00007ff995f91000 	C:\WINDOWS\System32\WS2_32.dll
0x00007ff994990000 - 0x00007ff9949dd000 	C:\WINDOWS\SYSTEM32\POWRPROF.dll
0x00007ff98ded0000 - 0x00007ff98df04000 	C:\WINDOWS\SYSTEM32\WINMM.dll
0x00007ff98d020000 - 0x00007ff98d02a000 	C:\WINDOWS\SYSTEM32\VERSION.dll
0x00007ff994970000 - 0x00007ff994983000 	C:\WINDOWS\SYSTEM32\UMPDC.dll
0x00007ff993a60000 - 0x00007ff993a78000 	C:\WINDOWS\SYSTEM32\kernel.appcore.dll
0x00007ff9789b0000 - 0x00007ff9789ba000 	C:\Program Files\Java\jdk-21\bin\jimage.dll
0x00007ff991e70000 - 0x00007ff9920a3000 	C:\WINDOWS\SYSTEM32\DBGHELP.DLL
0x00007ff995a60000 - 0x00007ff995df1000 	C:\WINDOWS\System32\combase.dll
0x00007ff996bd0000 - 0x00007ff996ca8000 	C:\WINDOWS\System32\OLEAUT32.dll
0x00007ff97ce60000 - 0x00007ff97ce92000 	C:\WINDOWS\SYSTEM32\dbgcore.DLL
0x00007ff994c50000 - 0x00007ff994ccb000 	C:\WINDOWS\System32\bcryptPrimitives.dll
0x00007ff9783f0000 - 0x00007ff97840f000 	C:\Program Files\Java\jdk-21\bin\java.dll
0x00007ff995fa0000 - 0x00007ff99683c000 	C:\WINDOWS\System32\SHELL32.dll
0x00007ff995510000 - 0x00007ff99564f000 	C:\WINDOWS\System32\wintypes.dll
0x00007ff992970000 - 0x00007ff99328a000 	C:\WINDOWS\SYSTEM32\windows.storage.dll
0x00007ff997370000 - 0x00007ff997474000 	C:\WINDOWS\System32\SHCORE.dll
0x00007ff996b60000 - 0x00007ff996bc9000 	C:\WINDOWS\System32\shlwapi.dll
0x00007ff9949f0000 - 0x00007ff994a15000 	C:\WINDOWS\SYSTEM32\profapi.dll
0x00007ff9721b0000 - 0x00007ff972287000 	C:\Program Files\Java\jdk-21\bin\jsvml.dll
0x00007ff976820000 - 0x00007ff976830000 	C:\Program Files\Java\jdk-21\bin\net.dll
0x00007ff98daf0000 - 0x00007ff98dc1c000 	C:\WINDOWS\SYSTEM32\WINHTTP.dll
0x00007ff993f30000 - 0x00007ff993f99000 	C:\WINDOWS\system32\mswsock.dll
0x00007ff9763b0000 - 0x00007ff9763c6000 	C:\Program Files\Java\jdk-21\bin\nio.dll
0x00007ff975d30000 - 0x00007ff975d48000 	C:\Program Files\Java\jdk-21\bin\zip.dll
0x00007ff9941b0000 - 0x00007ff9941cb000 	C:\WINDOWS\SYSTEM32\CRYPTSP.dll
0x00007ff9939c0000 - 0x00007ff9939f7000 	C:\WINDOWS\system32\rsaenh.dll
0x00007ff994050000 - 0x00007ff994078000 	C:\WINDOWS\SYSTEM32\USERENV.dll
0x00007ff9941d0000 - 0x00007ff9941dc000 	C:\WINDOWS\SYSTEM32\CRYPTBASE.dll
0x00007ff9934f0000 - 0x00007ff99351d000 	C:\WINDOWS\SYSTEM32\IPHLPAPI.DLL
0x00007ff996cb0000 - 0x00007ff996cb9000 	C:\WINDOWS\System32\NSI.dll
0x00007ff9764e0000 - 0x00007ff9764f0000 	C:\Program Files\Java\jdk-21\bin\verify.dll
0x00007ff971f00000 - 0x00007ff971fe9000 	C:\Users\notai\AppData\Local\Temp\sqlite-3.41.2.1-47f165c6-eb61-4863-98a0-5251175f36c0-sqlitejdbc.dll

dbghelp: loaded successfully - version: 4.0.5 - missing functions: none
symbol engine: initialized successfully - sym options: 0x614 - pdb path: .;C:\Program Files\Java\jdk-21\bin;C:\WINDOWS\SYSTEM32;C:\WINDOWS\WinSxS\amd64_microsoft.windows.common-controls_6595b64144ccf1df_6.0.22621.6060_none_2712eda17382d24b;C:\Program Files\Java\jdk-21\bin\server;C:\Users\notai\AppData\Local\Temp

VM Arguments:
jvm_args: -DkotlinLanguageServer.version=1.3.13 
java_command: org.javacs.kt.MainKt
java_class_path (initial): c:\Users\notai\AppData\Roaming\Code\User\globalStorage\fwcd.kotlin\langServerInstall\server\lib\server-1.3.13.jar;c:\Users\notai\AppData\Roaming\Code\User\globalStorage\fwcd.kotlin\langServerInstall\server\lib\shared-1.3.13.jar;c:\Users\notai\AppData\Roaming\Code\User\globalStorage\fwcd.kotlin\langServerInstall\server\lib\kotlin-scripting-jvm-host-unshaded-2.1.0.jar;c:\Users\notai\AppData\Roaming\Code\User\globalStorage\fwcd.kotlin\langServerInstall\server\lib\kotlin-scripting-compiler-2.1.0.jar;c:\Users\notai\AppData\Roaming\Code\User\globalStorage\fwcd.kotlin\langServerInstall\server\lib\ktfmt-b5d31d1.jar;c:\Users\notai\AppData\Roaming\Code\User\globalStorage\fwcd.kotlin\langServerInstall\server\lib\kotlin-compiler-2.1.0.jar;c:\Users\notai\AppData\Roaming\Code\User\globalStorage\fwcd.kotlin\langServerInstall\server\lib\exposed-dao-0.37.3.jar;c:\Users\notai\AppData\Roaming\Code\User\globalStorage\fwcd.kotlin\langServerInstall\server\lib\exposed-jdbc-0.37.3.jar;c:\Users\notai\AppData\Roaming\Code\User\globalStorage\fwcd.kotlin\langServerInstall\server\lib\exposed-core-0.37.3.jar;c:\Users\notai\AppData\Roaming\Code\User\globalStorage\fwcd.kotlin\langServerInstall\server\lib\kotlin-scripting-compiler-impl-2.1.0.jar;c:\Users\notai\AppData\Roaming\Code\User\globalStorage\fwcd.kotlin\langServerInstall\server\lib\kotlin-reflect-2.1.0.jar;c:\Users\notai\AppData\Roaming\Code\User\globalStorage\fwcd.kotlin\langServerInstall\server\lib\kotlin-scripting-jvm-2.1.0.jar;c:\Users\notai\AppData\Roaming\Code\User\globalStorage\fwcd.kotlin\langServerInstall\server\lib\kotlin-scripting-common-2.1.0.jar;c:\Users\notai\AppData\Roaming\Code\User\globalStorage\fwcd.kotlin\langServerInstall\server\lib\kotlinx-coroutines-core-jvm-1.6.4.jar;c:\Users\notai\AppData\Roaming\Code\User\globalStorage\fwcd.kotlin\langServerInstall\server\lib\kotlin-stdlib-jdk8-2.1.0.jar;c:\Users\notai\AppData\Roaming\Code\User\globalStorage\fwcd.kotlin\langServerInstall\server\lib\kotlin-stdlib-jdk7-2.1.0.jar;c:\Users\notai\AppData\Roaming\Code\User\globalStorage\fwcd.kotlin\langServerInstall\server\lib\kotlin-stdlib-2.1.0.jar;c:\Users\notai\AppData\Roaming\Code\User\globalStorage\fwcd.kotlin\langServerInstall\server\lib\org.eclipse.lsp4j-0.21.2.jar;c:\Users\notai\AppData\Roaming\Code\User\globalStorage\fwcd.kotlin\langServerInstall\server\lib\org.eclipse.lsp4j.jsonrpc-0.21.2.jar;c:\Users\notai\AppData\Roaming\Code\User\globalStorage\fwcd.kotlin\langServerInstall\server\lib\kotlin-sam-with-receiver-compiler-plugin-2.1.0.jar;c:\Users\notai\AppData\Roaming\Code\User\globalStorage\fwcd.kotlin\langServerInstall\server\lib\fernflower-1.0.jar;c:\Users\notai\AppData\Roaming\Code\User\globalStorage\fwcd.kotlin\langServerInstall\server\lib\h2-1.4.200.jar;c:\Users\notai\AppData\Roaming\Code\User\globalStorage\fwcd.kotlin\langServerInstall\server\lib\jcommander-1.78.jar;c:\Users\notai\AppData\Roaming\Code\User\globalStorage\fwcd.kotlin\langServerInstall\server\lib\sqlite-jdbc-3.41.2.1.jar;c:\Users\notai\AppData\Roaming\Code\User\globalStorage\fwcd.kotlin\langServerInstall\server\lib\google-java-format-1.8.jar;c:\Users\notai\AppData\Roaming\Code\User\globalStorage\fwcd.kotlin\langServerInstall\server\lib\guava-33.3.0-jre.jar;c:\Users\notai\AppData\Roaming\Code\User\globalStorage\fwcd.kotlin\langServerInstall\server\lib\annotations-13.0.jar;c:\Users\notai\AppData\Roaming\Code\User\globalStorage\fwcd.kotlin\langServerInstall\server\lib\gson-2.10.1.jar;c:\Users\notai\AppData\Roaming\Code\User\globalStorage\fwcd.kotlin\langServerInstall\server\lib\kotlin-script-runtime-2.1.0.jar;c:\Users\notai\AppData\Roaming\Code\User\globalStorage\fwcd.kotlin\langServerInstall\server\lib\trove4j-1.0.20200330.jar;c:\Users\notai\AppData\Roaming\Code\User\globalStorage\fwcd.kotlin\langServerInstall\server\lib\jline-3.24.1.jar;c:\Users\notai\AppData\Roaming\Code\User\globalStorage\fwcd.kotlin\langServerInstall\server\lib\slf4j-api-1.7.25.jar;c:\Users\notai\AppData\Roaming\Code\User\globalStorage\fwcd.kotlin\langServerInstall\server\lib\jna-4.2.2.jar;c:\Users\notai\AppData\Roaming\Code\User\globalStorage\fwcd.kotlin\langServerInstall\server\lib\failureaccess-1.0.2.jar;c:\Users\notai\AppData\Roaming\Code\User\globalStorage\fwcd.kotlin\langServerInstall\server\lib\listenablefuture-9999.0-empty-to-avoid-conflict-with-guava.jar;c:\Users\notai\AppData\Roaming\Code\User\globalStorage\fwcd.kotlin\langServerInstall\server\lib\jsr305-3.0.2.jar;c:\Users\notai\AppData\Roaming\Code\User\globalStorage\fwcd.kotlin\langServerInstall\server\lib\checker-qual-3.43.0.jar;c:\Users\notai\AppData\Roaming\Code\User\globalStorage\fwcd.kotlin\langServerInstall\server\lib\error_prone_annotations-2.28.0.jar
Launcher Type: SUN_STANDARD

[Global flags]
     intx CICompilerCount                          = 4                                         {product} {ergonomic}
     uint ConcGCThreads                            = 2                                         {product} {ergonomic}
     uint G1ConcRefinementThreads                  = 8                                         {product} {ergonomic}
   size_t G1HeapRegionSize                         = 4194304                                   {product} {ergonomic}
    uintx GCDrainStackTargetSize                   = 64                                        {product} {ergonomic}
   size_t InitialHeapSize                          = 532676608                                 {product} {ergonomic}
   size_t MarkStackSize                            = 4194304                                   {product} {ergonomic}
   size_t MaxHeapSize                              = 8510242816                                {product} {ergonomic}
   size_t MaxNewSize                               = 5104467968                                {product} {ergonomic}
   size_t MinHeapDeltaBytes                        = 4194304                                   {product} {ergonomic}
   size_t MinHeapSize                              = 8388608                                   {product} {ergonomic}
    uintx NonNMethodCodeHeapSize                   = 5839372                                {pd product} {ergonomic}
    uintx NonProfiledCodeHeapSize                  = 122909434                              {pd product} {ergonomic}
    uintx ProfiledCodeHeapSize                     = 122909434                              {pd product} {ergonomic}
    uintx ReservedCodeCacheSize                    = 251658240                              {pd product} {ergonomic}
     bool SegmentedCodeCache                       = true                                      {product} {ergonomic}
   size_t SoftMaxHeapSize                          = 8510242816                             {manageable} {ergonomic}
     bool UseCompressedOops                        = true                           {product lp64_product} {ergonomic}
     bool UseG1GC                                  = true                                      {product} {ergonomic}
     bool UseLargePagesIndividualAllocation        = false                                  {pd product} {ergonomic}

Logging:
Log output configuration:
 #0: stdout all=warning uptime,level,tags foldmultilines=false
 #1: stderr all=off uptime,level,tags foldmultilines=false

Environment Variables:
JAVA_HOME=C:\Program Files\Java\jdk-21
CLASSPATH=c:\Users\notai\AppData\Roaming\Code\User\globalStorage\fwcd.kotlin\langServerInstall\server\lib\server-1.3.13.jar;c:\Users\notai\AppData\Roaming\Code\User\globalStorage\fwcd.kotlin\langServerInstall\server\lib\shared-1.3.13.jar;c:\Users\notai\AppData\Roaming\Code\User\globalStorage\fwcd.kotlin\langServerInstall\server\lib\kotlin-scripting-jvm-host-unshaded-2.1.0.jar;c:\Users\notai\AppData\Roaming\Code\User\globalStorage\fwcd.kotlin\langServerInstall\server\lib\kotlin-scripting-compiler-2.1.0.jar;c:\Users\notai\AppData\Roaming\Code\User\globalStorage\fwcd.kotlin\langServerInstall\server\lib\ktfmt-b5d31d1.jar;c:\Users\notai\AppData\Roaming\Code\User\globalStorage\fwcd.kotlin\langServerInstall\server\lib\kotlin-compiler-2.1.0.jar;c:\Users\notai\AppData\Roaming\Code\User\globalStorage\fwcd.kotlin\langServerInstall\server\lib\exposed-dao-0.37.3.jar;c:\Users\notai\AppData\Roaming\Code\User\globalStorage\fwcd.kotlin\langServerInstall\server\lib\exposed-jdbc-0.37.3.jar;c:\Users\notai\AppData\Roaming\Code\User\globalStorage\fwcd.kotlin\langServerInstall\server\lib\exposed-core-0.37.3.jar;c:\Users\notai\AppData\Roaming\Code\User\globalStorage\fwcd.kotlin\langServerInstall\server\lib\kotlin-scripting-compiler-impl-2.1.0.jar;c:\Users\notai\AppData\Roaming\Code\User\globalStorage\fwcd.kotlin\langServerInstall\server\lib\kotlin-reflect-2.1.0.jar;c:\Users\notai\AppData\Roaming\Code\User\globalStorage\fwcd.kotlin\langServerInstall\server\lib\kotlin-scripting-jvm-2.1.0.jar;c:\Users\notai\AppData\Roaming\Code\User\globalStorage\fwcd.kotlin\langServerInstall\server\lib\kotlin-scripting-common-2.1.0.jar;c:\Users\notai\AppData\Roaming\Code\User\globalStorage\fwcd.kotlin\langServerInstall\server\lib\kotlinx-coroutines-core-jvm-1.6.4.jar;c:\Users\notai\AppData\Roaming\Code\User\globalStorage\fwcd.kotlin\langServerInstall\server\lib\kotlin-stdlib-jdk8-2.1.0.jar;c:\Users\notai\AppData\Roaming\Code\User\globalStorage\fwcd.kotlin\langServerInstall\server\lib\kotlin-stdlib-jdk7-2.1.0.jar;c:\Users\notai\AppData\Roaming\Code\User\globalStorage\fwcd.kotlin\langServerInstall\server\lib\kotlin-stdlib-2.1.0.jar;c:\Users\notai\AppData\Roaming\Code\User\globalStorage\fwcd.kotlin\langServerInstall\server\lib\org.eclipse.lsp4j-0.21.2.jar;c:\Users\notai\AppData\Roaming\Code\User\globalStorage\fwcd.kotlin\langServerInstall\server\lib\org.eclipse.lsp4j.jsonrpc-0.21.2.jar;c:\Users\notai\AppData\Roaming\Code\User\globalStorage\fwcd.kotlin\langServerInstall\server\lib\kotlin-sam-with-receiver-compiler-plugin-2.1.0.jar;c:\Users\notai\AppData\Roaming\Code\User\globalStorage\fwcd.kotlin\langServerInstall\server\lib\fernflower-1.0.jar;c:\Users\notai\AppData\Roaming\Code\User\globalStorage\fwcd.kotlin\langServerInstall\server\lib\h2-1.4.200.jar;c:\Users\notai\AppData\Roaming\Code\User\globalStorage\fwcd.kotlin\langServerInstall\server\lib\jcommander-1.78.jar;c:\Users\notai\AppData\Roaming\Code\User\globalStorage\fwcd.kotlin\langServerInstall\server\lib\sqlite-jdbc-3.41.2.1.jar;c:\Users\notai\AppData\Roaming\Code\User\globalStorage\fwcd.kotlin\langServerInstall\server\lib\google-java-format-1.8.jar;c:\Users\notai\AppData\Roaming\Code\User\globalStorage\fwcd.kotlin\langServerInstall\server\lib\guava-33.3.0-jre.jar;c:\Users\notai\AppData\Roaming\Code\User\globalStorage\fwcd.kotlin\langServerInstall\server\lib\annotations-13.0.jar;c:\Users\notai\AppData\Roaming\Code\User\globalStorage\fwcd.kotlin\langServerInstall\server\lib\gson-2.10.1.jar;c:\Users\notai\AppData\Roaming\Code\User\globalStorage\fwcd.kotlin\langServerInstall\server\lib\kotlin-script-runtime-2.1.0.jar;c:\Users\notai\AppData\Roaming\Code\User\globalStorage\fwcd.kotlin\langServerInstall\server\lib\trove4j-1.0.20200330.jar;c:\Users\notai\AppData\Roaming\Code\User\globalStorage\fwcd.kotlin\langServerInstall\server\lib\jline-3.24.1.jar;c:\Users\notai\AppData\Roaming\Code\User\globalStorage\fwcd.kotlin\langServerInstall\server\lib\slf4j-api-1.7.25.jar;c:\Users\notai\AppData\Roaming\Code\User\globalStorage\fwcd.kotlin\langServerInstall\server\lib\jna-4.2.2.jar;c:\Users\notai\AppData\Roaming\Code\User\globalStorage\fwcd.kotlin\langServerInstall\server\lib\failureaccess-1.0.2.jar;c:\Users\notai\AppData\Roaming\Code\User\globalStorage\fwcd.kotlin\langServerInstall\server\lib\listenablefuture-9999.0-empty-to-avoid-conflict-with-guava.jar;c:\Users\notai\AppData\Roaming\Code\User\globalStorage\fwcd.kotlin\langServerInstall\server\lib\jsr305-3.0.2.jar;c:\Users\notai\AppData\Roaming\Code\User\globalStorage\fwcd.kotlin\langServerInstall\server\lib\checker-qual-3.43.0.jar;c:\Users\notai\AppData\Roaming\Code\User\globalStorage\fwcd.kotlin\langServerInstall\server\lib\error_prone_annotations-2.28.0.jar
PATH=C:\Users\notai\AppData\Local\Programs\Microsoft VS Code;C:\Program Files (x86)\Common Files\Intel\Shared Libraries\redist\intel64\compiler;C:\Program Files\Java\jdk-21\bin;C:\Program Files\Java\jdk-17\bin;C:\Program Files\Common Files\Oracle\Java\javapath;C:\Program Files (x86)\Common Files\Oracle\Java\java8path;C:\Program Files (x86)\Common Files\Oracle\Java\javapath;C:\Program Files (x86)\Microsoft SDKs\Azure\CLI2\wbin;C:\Program Files (x86)\Common Files\Intel\Shared Files\cpp\bin\Intel64;C:\WINDOWS\system32;C:\WINDOWS;C:\WINDOWS\System32\Wbem;C:\WINDOWS\System32\WindowsPowerShell\v1.0\;C:\WINDOWS\System32\OpenSSH\;C:\Program Files\Microsoft SQL Server\Client SDK\ODBC\130\Tools\Binn\;C:\Program Files (x86)\Microsoft SQL Server\140\Tools\Binn\;C:\Program Files\Microsoft SQL Server\140\Tools\Binn\;C:\Program Files\Microsoft SQL Server\140\DTS\Binn\;C:\Program Files (x86)\HP\IdrsOCR_15.2.10.1114\;C:\Program Files\dotnet\;C:\Program Files\Git LFS;C:\Program Files\Microsoft SQL Server\Client SDK\ODBC\170\Tools\Binn\;C:\Program Files (x86)\Microsoft SQL Server\150\Tools\Binn\;C:\Program Files\Microsoft SQL Server\150\Tools\Binn\;C:\Program Files\Microsoft SQL Server\150\DTS\Binn\;C:\Program Files (x86)\QuickTime\QTSystem\;C:\Program Files\Git\cmd;C:\Program Files\HP\Common\HPDestPlgIn\;C:\Program Files (x86)\HP\Common\HPDestPlgIn\;C:\Program Files\nodejs\;C:\Users\notai\platform-tools;D:\Users\notai\AppData\Local\pnpm;C:\Users\notai\AppData\Local\Programs\Python\Python312\Scripts\;C:\Users\notai\AppData\Local\Programs\Python\Python312\;C:\Users\notai\AppData\Local\Programs\Python\Python311\Scripts;C:\Users\notai\AppData\Local\Programs\Python\Python311;C:\Users\notai\AppData\Roaming\Python\Python311\Scripts;C:\Python310\Scripts\;C:\Python310\;C:\Users\notai\AppData\Local\Programs\Python\Python310\Scripts\;C:\Users\notai\AppData\Local\Programs\Python\Python310\;C:\Users\notai\AppData\Local\Packages\PythonSoftwareFoundation.Python.3.9_qbz5n2kfra8p0\LocalCache\local-packages\Python39\Scripts;C:\Users\notai\AppData\Local\Microsoft\WindowsApps;C:\Users\notai\AppData\Local\Programs\Microsoft VS Code\bin;C:\Users\notai\.dotnet\tools;C:\Users\notai\AppData\Local\GitHubDesktop\bin;C:\Program Files\JetBrains\PyCharm Community Edition 2022.3\bin;C:\Program Files\heroku\bin;C:\Program Files\Azure Data Studio\bin;C:\Users\notai\Downloads\flutter\bin;C:\Users\notai\AppData\Local\Google\Cloud SDK\google-cloud-sdk\bin;C:\Users\notai\AppData\Local\JetBrains\Toolbox\scripts;C:\Program Files\JetBrains\PyCharm Community Edition 2024.1.2\bin;;E:\Program Files\JetBrains\IntelliJ IDEA Community Edition 2024.3.4.1\bin;;C:\Program Files\Azure Data Studio\bin;C:\Program Files\HP\Common\HPDestPlgIn\;C:\Program Files (x86)\HP\Common\HPDestPlgIn\;C:\Users\notai\AppData\Roaming\npm;C:\apache-maven-3.9.9\bin;D:\android\cmdline-tools\latest\bin;D:\android\platform-tools;C:\Users\notai\AppData\Local\Python\bin
USERNAME=notai
OS=Windows_NT
PROCESSOR_IDENTIFIER=Intel64 Family 6 Model 126 Stepping 5, GenuineIntel
TMP=C:\Users\notai\AppData\Local\Temp
TEMP=C:\Users\notai\AppData\Local\Temp




---------------  S Y S T E M  ---------------

OS:
 Windows 11 , 64 bit Build 22621 (10.0.22621.5415)
OS uptime: 1 days 21:29 hours
Hyper-V role detected

CPU: total 8 (initial active 8) (4 cores per cpu, 2 threads per core) family 6 model 126 stepping 5 microcode 0xca, cx8, cmov, fxsr, ht, mmx, 3dnowpref, sse, sse2, sse3, ssse3, sse4.1, sse4.2, popcnt, lzcnt, tsc, tscinvbit, avx, avx2, aes, erms, clmul, bmi1, bmi2, adx, avx512f, avx512dq, avx512cd, avx512bw, avx512vl, sha, fma, vzeroupper, avx512_vpopcntdq, avx512_vpclmulqdq, avx512_vaes, avx512_vnni, clflush, clflushopt, avx512_vbmi2, avx512_vbmi, hv, rdtscp, rdpid, fsrm, gfni, avx512_bitalg, f16c, avx512_ifma
Processor Information for all 8 processors :
  Max Mhz: 1201, Current Mhz: 1201, Mhz Limit: 1201

Memory: 4k page, system-wide physical 32455M (11303M free)
TotalPageFile size 32455M (AvailPageFile size 75M)
current process WorkingSet (physical memory assigned to process): 702M, peak: 703M
current process commit charge ("private bytes"): 767M, peak: 892M

vm_info: OpenJDK 64-Bit Server VM (21+35-2513) for windows-amd64 JRE (21+35-2513), built on 2023-08-09T20:25:10Z by "mach5one" with MS VC++ 17.1 (VS2022)

END.
